Archive member included because of file (symbol)

r:/_tul/ves/yagarto/bin/../lib/gcc/arm-none-eabi/4.5.1\libgcc.a(_udivsi3.o)
                              Debug\src\dbgu.o (__aeabi_uidiv)
r:/_tul/ves/yagarto/bin/../lib/gcc/arm-none-eabi/4.5.1\libgcc.a(_dvmd_tls.o)
                              r:/_tul/ves/yagarto/bin/../lib/gcc/arm-none-eabi/4.5.1\libgcc.a(_udivsi3.o) (__aeabi_idiv0)
r:/_tul/ves/yagarto/bin/../lib/gcc/arm-none-eabi/4.5.1/../../../../arm-none-eabi/lib\libc.a(lib_a-atoi.o)
                              Debug\src\main.o (atoi)
r:/_tul/ves/yagarto/bin/../lib/gcc/arm-none-eabi/4.5.1/../../../../arm-none-eabi/lib\libc.a(lib_a-memset.o)
                              Debug\src\main.o (memset)
r:/_tul/ves/yagarto/bin/../lib/gcc/arm-none-eabi/4.5.1/../../../../arm-none-eabi/lib\libc.a(lib_a-strcmp.o)
                              Debug\src\main.o (strcmp)
r:/_tul/ves/yagarto/bin/../lib/gcc/arm-none-eabi/4.5.1/../../../../arm-none-eabi/lib\libc.a(lib_a-strtok.o)
                              Debug\src\main.o (strtok)
r:/_tul/ves/yagarto/bin/../lib/gcc/arm-none-eabi/4.5.1/../../../../arm-none-eabi/lib\libc.a(lib_a-strtok_r.o)
                              r:/_tul/ves/yagarto/bin/../lib/gcc/arm-none-eabi/4.5.1/../../../../arm-none-eabi/lib\libc.a(lib_a-strtok.o) (__strtok_r)
r:/_tul/ves/yagarto/bin/../lib/gcc/arm-none-eabi/4.5.1/../../../../arm-none-eabi/lib\libc.a(lib_a-strtol.o)
                              r:/_tul/ves/yagarto/bin/../lib/gcc/arm-none-eabi/4.5.1/../../../../arm-none-eabi/lib\libc.a(lib_a-atoi.o) (_strtol_r)
r:/_tul/ves/yagarto/bin/../lib/gcc/arm-none-eabi/4.5.1/../../../../arm-none-eabi/lib\libc.a(lib_a-ctype_.o)
                              r:/_tul/ves/yagarto/bin/../lib/gcc/arm-none-eabi/4.5.1/../../../../arm-none-eabi/lib\libc.a(lib_a-strtol.o) (__ctype_ptr__)

Discarded input sections

 .data          0x00000000        0x0 Debug\Drivers\cpu\aic.o
 .bss           0x00000000        0x0 Debug\Drivers\cpu\aic.o
 .data          0x00000000        0x0 Debug\Drivers\cpu\pit.o
 .bss           0x00000000        0x0 Debug\Drivers\cpu\pit.o
 .data          0x00000000        0x0 Debug\Drivers\cpu\timers.o
 .data          0x00000000        0x0 Debug\src\board_lowlevel.o
 .bss           0x00000000        0x0 Debug\src\board_lowlevel.o
 .data          0x00000000        0x0 Debug\src\board_memories.o
 .bss           0x00000000        0x0 Debug\src\board_memories.o
 .data          0x00000000        0x0 Debug\src\cp15.o
 .bss           0x00000000        0x0 Debug\src\cp15.o
 .data          0x00000000        0x0 Debug\src\cp15_asm.o
 .bss           0x00000000        0x0 Debug\src\cp15_asm.o
 .data          0x00000000        0x0 Debug\src\dbgu.o
 .bss           0x00000000        0x0 Debug\src\dbgu.o
 .data          0x00000000        0x0 Debug\src\main.o
 .data          0x00000000        0x0 Debug\src\pio.o
 .bss           0x00000000        0x0 Debug\src\pio.o
 .text          0x00000000      0x2b8 Debug\src\pmc.o
 .data          0x00000000        0x0 Debug\src\pmc.o
 .bss           0x00000000        0x0 Debug\src\pmc.o
 .rodata        0x00000000      0x108 Debug\src\pmc.o
 .bss           0x00000000        0x0 Debug\src\stdio.o
 .data          0x00000000        0x0 Debug\src\board_cstartup.o
 .bss           0x00000000        0x0 Debug\src\board_cstartup.o
 .data          0x00000000        0x0 r:/_tul/ves/yagarto/bin/../lib/gcc/arm-none-eabi/4.5.1\libgcc.a(_udivsi3.o)
 .bss           0x00000000        0x0 r:/_tul/ves/yagarto/bin/../lib/gcc/arm-none-eabi/4.5.1\libgcc.a(_udivsi3.o)
 .data          0x00000000        0x0 r:/_tul/ves/yagarto/bin/../lib/gcc/arm-none-eabi/4.5.1\libgcc.a(_dvmd_tls.o)
 .bss           0x00000000        0x0 r:/_tul/ves/yagarto/bin/../lib/gcc/arm-none-eabi/4.5.1\libgcc.a(_dvmd_tls.o)
 .data          0x00000000        0x0 r:/_tul/ves/yagarto/bin/../lib/gcc/arm-none-eabi/4.5.1/../../../../arm-none-eabi/lib\libc.a(lib_a-atoi.o)
 .bss           0x00000000        0x0 r:/_tul/ves/yagarto/bin/../lib/gcc/arm-none-eabi/4.5.1/../../../../arm-none-eabi/lib\libc.a(lib_a-atoi.o)
 .data          0x00000000        0x0 r:/_tul/ves/yagarto/bin/../lib/gcc/arm-none-eabi/4.5.1/../../../../arm-none-eabi/lib\libc.a(lib_a-memset.o)
 .bss           0x00000000        0x0 r:/_tul/ves/yagarto/bin/../lib/gcc/arm-none-eabi/4.5.1/../../../../arm-none-eabi/lib\libc.a(lib_a-memset.o)
 .data          0x00000000        0x0 r:/_tul/ves/yagarto/bin/../lib/gcc/arm-none-eabi/4.5.1/../../../../arm-none-eabi/lib\libc.a(lib_a-strcmp.o)
 .bss           0x00000000        0x0 r:/_tul/ves/yagarto/bin/../lib/gcc/arm-none-eabi/4.5.1/../../../../arm-none-eabi/lib\libc.a(lib_a-strcmp.o)
 .data          0x00000000        0x0 r:/_tul/ves/yagarto/bin/../lib/gcc/arm-none-eabi/4.5.1/../../../../arm-none-eabi/lib\libc.a(lib_a-strtok.o)
 .bss           0x00000000        0x0 r:/_tul/ves/yagarto/bin/../lib/gcc/arm-none-eabi/4.5.1/../../../../arm-none-eabi/lib\libc.a(lib_a-strtok.o)
 .data          0x00000000        0x0 r:/_tul/ves/yagarto/bin/../lib/gcc/arm-none-eabi/4.5.1/../../../../arm-none-eabi/lib\libc.a(lib_a-strtok_r.o)
 .bss           0x00000000        0x0 r:/_tul/ves/yagarto/bin/../lib/gcc/arm-none-eabi/4.5.1/../../../../arm-none-eabi/lib\libc.a(lib_a-strtok_r.o)
 .data          0x00000000        0x0 r:/_tul/ves/yagarto/bin/../lib/gcc/arm-none-eabi/4.5.1/../../../../arm-none-eabi/lib\libc.a(lib_a-strtol.o)
 .bss           0x00000000        0x0 r:/_tul/ves/yagarto/bin/../lib/gcc/arm-none-eabi/4.5.1/../../../../arm-none-eabi/lib\libc.a(lib_a-strtol.o)
 .text          0x00000000        0x0 r:/_tul/ves/yagarto/bin/../lib/gcc/arm-none-eabi/4.5.1/../../../../arm-none-eabi/lib\libc.a(lib_a-ctype_.o)
 .bss           0x00000000        0x0 r:/_tul/ves/yagarto/bin/../lib/gcc/arm-none-eabi/4.5.1/../../../../arm-none-eabi/lib\libc.a(lib_a-ctype_.o)

Memory Configuration

Name             Origin             Length             Attributes
sram0            0x00200000         0x00001000         w !xr
sram1            0x00300000         0x00001000         w !xr
sdram            0x20000000         0x01000000         w !xr
*default*        0x00000000         0xffffffff

Linker script and memory map

LOAD Debug\Drivers\cpu\aic.o
LOAD Debug\Drivers\cpu\pit.o
LOAD Debug\Drivers\cpu\timers.o
LOAD Debug\src\board_lowlevel.o
LOAD Debug\src\board_memories.o
LOAD Debug\src\cp15.o
LOAD Debug\src\cp15_asm.o
LOAD Debug\src\dbgu.o
LOAD Debug\src\main.o
LOAD Debug\src\pio.o
LOAD Debug\src\pmc.o
LOAD Debug\src\stdio.o
LOAD Debug\src\board_cstartup.o
LOAD R:\_TUL\VES\yagarto\arm-none-eabi\lib\libm.a
LOAD r:/_tul/ves/yagarto/bin/../lib/gcc/arm-none-eabi/4.5.1/../../../../arm-none-eabi/lib\libstdc++.a
LOAD r:/_tul/ves/yagarto/bin/../lib/gcc/arm-none-eabi/4.5.1/../../../../arm-none-eabi/lib\libm.a
START GROUP
LOAD r:/_tul/ves/yagarto/bin/../lib/gcc/arm-none-eabi/4.5.1\libgcc.a
LOAD r:/_tul/ves/yagarto/bin/../lib/gcc/arm-none-eabi/4.5.1/../../../../arm-none-eabi/lib\libc.a
END GROUP

.fixed          0x20000000     0x3a04
                0x20000000                . = ALIGN (0x4)
                0x20000000                _sfixed = .
 *(.text*)
 .text          0x20000000       0xe8 Debug\Drivers\cpu\aic.o
                0x20000000                AIC_ConfigureIT
                0x20000080                AIC_EnableIT
                0x200000b4                AIC_DisableIT
 .text          0x200000e8      0x1d4 Debug\Drivers\cpu\pit.o
                0x200000e8                PIT_Init
                0x20000158                PIT_SetPIV
                0x2000019c                PIT_Enable
                0x200001cc                PIT_EnableIT
                0x200001fc                PIT_DisableIT
                0x2000022c                PIT_GetMode
                0x20000250                PIT_GetStatus
                0x20000274                PIT_GetPIIR
                0x20000298                PIT_GetPIVR
 .text          0x200002bc      0x124 Debug\Drivers\cpu\timers.o
                0x200002bc                _I_Disable
                0x200002e0                _I_Enable
                0x20000304                ISR_Pit
                0x2000035c                TimerPeriodicInit
                0x200003a8                GetTickCount
 .text          0x200003e0      0x134 Debug\src\board_lowlevel.o
                0x200003e0                defaultSpuriousHandler
                0x200003ec                defaultFiqHandler
                0x200003f8                defaultIrqHandler
                0x20000404                LowLevelInit
 .text          0x20000514      0x8dc Debug\src\board_memories.o
                0x20000514                BOARD_RemapRom
                0x20000538                BOARD_RemapRam
                0x2000055c                BOARD_ConfigureSdram
                0x200007e0                BOARD_ConfigureSdram48MHz
                0x20000a60                BOARD_ConfigureNandFlash
                0x20000b40                BOARD_ConfigureNandFlash48MHz
                0x20000c20                BOARD_ConfigureNorFlash
                0x20000d08                BOARD_ConfigureNorFlash48MHz
 .text          0x20000df0      0x300 Debug\src\cp15.o
                0x20000df0                CP15_Is_I_CacheEnabled
                0x20000e28                CP15_Enable_I_Cache
                0x20000e88                CP15_Disable_I_Cache
                0x20000ee8                CP15_Is_MMUEnabled
                0x20000f14                CP15_EnableMMU
                0x20000f74                CP15_DisableMMU
                0x20000fe4                CP15_Is_DCacheEnabled
                0x20001010                CP15_Enable_D_Cache
                0x20001090                CP15_Disable_D_Cache
 .text          0x200010f0       0x40 Debug\src\cp15_asm.o
                0x200010f0                _readControlRegister
                0x200010fc                _writeControlRegister
                0x20001104                _waitForInterrupt
                0x20001110                _writeTTB
                0x20001118                _writeDomain
                0x20001120                _writeITLBLockdown
                0x20001128                _prefetchICacheLine
 .text          0x20001130      0x2a8 Debug\src\dbgu.o
                0x20001130                DBGU_Configure
                0x200011cc                DBGU_PutChar
                0x20001234                DBGU_IsRxReady
                0x2000125c                DBGU_GetChar
                0x200012a0                fputc
                0x20001314                fputs
                0x20001398                putchar
 .text          0x200013d8      0x614 Debug\src\main.o
                0x200013d8                LED_Set
                0x20001508                main
 .text          0x200019ec      0x550 Debug\src\pio.o
                0x200019ec                PIO_SetPeripheralA
                0x20001c34                PIO_Configure
                0x20001ddc                PIO_Set
                0x20001e0c                PIO_Clear
                0x20001e3c                PIO_Get
                0x20001ec4                PIO_GetOutputDataStatus
                0x20001f10                PIO_GetISR
 .text          0x20001f3c      0xbb4 Debug\src\stdio.o
                0x20001f3c                PutChar
                0x20001f74                PutString
                0x20001fec                PutUnsignedInt
                0x2000210c                PutSignedInt
                0x200022dc                PutHexa
                0x20002458                vsnprintf
                0x20002860                snprintf
                0x200028b0                vsprintf
                0x200028f0                vfprintf
                0x20002998                vprintf
                0x200029e0                fprintf
                0x20002a28                printf
                0x20002a68                sprintf
                0x20002ab0                puts
 .text          0x20002af0       0xc0 Debug\src\board_cstartup.o
                0x20002af0                entry
 .text          0x20002bb0      0x114 r:/_tul/ves/yagarto/bin/../lib/gcc/arm-none-eabi/4.5.1\libgcc.a(_udivsi3.o)
                0x20002bb0                __aeabi_uidiv
                0x20002bb0                __udivsi3
                0x20002ca4                __aeabi_uidivmod
 .text          0x20002cc4        0x4 r:/_tul/ves/yagarto/bin/../lib/gcc/arm-none-eabi/4.5.1\libgcc.a(_dvmd_tls.o)
                0x20002cc4                __aeabi_idiv0
                0x20002cc4                __aeabi_ldiv0
 .text          0x20002cc8       0x30 r:/_tul/ves/yagarto/bin/../lib/gcc/arm-none-eabi/4.5.1/../../../../arm-none-eabi/lib\libc.a(lib_a-atoi.o)
                0x20002cc8                atoi
                0x20002ce0                _atoi_r
 .text          0x20002cf8      0x100 r:/_tul/ves/yagarto/bin/../lib/gcc/arm-none-eabi/4.5.1/../../../../arm-none-eabi/lib\libc.a(lib_a-memset.o)
                0x20002cf8                memset
 .text          0x20002df8      0x104 r:/_tul/ves/yagarto/bin/../lib/gcc/arm-none-eabi/4.5.1/../../../../arm-none-eabi/lib\libc.a(lib_a-strcmp.o)
                0x20002df8                strcmp
 .text          0x20002efc       0x24 r:/_tul/ves/yagarto/bin/../lib/gcc/arm-none-eabi/4.5.1/../../../../arm-none-eabi/lib\libc.a(lib_a-strtok.o)
                0x20002efc                strtok
 .text          0x20002f20       0xb4 r:/_tul/ves/yagarto/bin/../lib/gcc/arm-none-eabi/4.5.1/../../../../arm-none-eabi/lib\libc.a(lib_a-strtok_r.o)
                0x20002f20                __strtok_r
                0x20002fcc                strtok_r
 .text          0x20002fd4      0x1f4 r:/_tul/ves/yagarto/bin/../lib/gcc/arm-none-eabi/4.5.1/../../../../arm-none-eabi/lib\libc.a(lib_a-strtol.o)
                0x20002fd4                _strtol_r
                0x2000319c                strtol
 *(.rodata*)
 .rodata        0x200031c8       0x18 Debug\src\board_memories.o
 .rodata        0x200031e0      0x17c Debug\src\cp15.o
 .rodata        0x2000335c      0x148 Debug\src\main.o
 .rodata        0x200034a4       0x24 Debug\src\stdio.o
 .rodata        0x200034c8      0x104 r:/_tul/ves/yagarto/bin/../lib/gcc/arm-none-eabi/4.5.1/../../../../arm-none-eabi/lib\libc.a(lib_a-ctype_.o)
                0x200034c8                _ctype_
 *(.glue_7)
 .glue_7        0x00000000        0x0 linker stubs
 *(.glue_7t)
 .glue_7t       0x00000000        0x0 linker stubs
 *(.data)
 *fill*         0x200035cc        0x4 00
 .data          0x200035d0      0x430 Debug\src\stdio.o
                0x200035d0                r
                0x200039f8                _impure_ptr
 .data          0x20003a00        0x4 r:/_tul/ves/yagarto/bin/../lib/gcc/arm-none-eabi/4.5.1/../../../../arm-none-eabi/lib\libc.a(lib_a-ctype_.o)
                0x20003a00                __ctype_ptr__
                0x20003a04                . = ALIGN (0x4)
                0x20003a04                _efixed = .

.vfp11_veneer   0x00000000        0x0
 .vfp11_veneer  0x00000000        0x0 linker stubs

.v4_bx          0x00000000        0x0
 .v4_bx         0x00000000        0x0 linker stubs

.prerelocate    0x00000000        0x0 load address 0x20003a04
                0x00000000                . = ALIGN (0x4)
                0x00000000                _sprerelocate = .
                0x00000000                . = ALIGN (0x4)
                0x00000000                _eprerelocate = .

.postrelocate   0x00200000       0x6c load address 0x20003a04
                0x00200000                . = ALIGN (0x4)
                0x00200000                _spostrelocate = .
 *(.vectors)
 .vectors       0x00200000       0x6c Debug\src\board_cstartup.o
 *(.ramfunc)
                0x0020006c                . = ALIGN (0x4)
                0x0020006c                _epostrelocate = .

.bss            0x20003a04        0xc
                0x20003a04                _szero = .
 *(.bss)
 .bss           0x20003a04        0x4 Debug\Drivers\cpu\timers.o
 .bss           0x20003a08        0x8 Debug\src\main.o
                0x20003a10                . = ALIGN (0x4)
                0x20003a10                _ezero = .
                0x21000000                _sstack = 0x21000000
                0x20003a10                end = .
OUTPUT(Debug\xxx.elf elf32-littlearm)

.debug_abbrev   0x00000000     0x1400
 .debug_abbrev  0x00000000       0xb9 Debug\Drivers\cpu\aic.o
 .debug_abbrev  0x000000b9       0xc6 Debug\Drivers\cpu\pit.o
 .debug_abbrev  0x0000017f       0x92 Debug\Drivers\cpu\timers.o
 .debug_abbrev  0x00000211       0xbf Debug\src\board_lowlevel.o
 .debug_abbrev  0x000002d0      0x157 Debug\src\board_memories.o
 .debug_abbrev  0x00000427       0x7e Debug\src\cp15.o
 .debug_abbrev  0x000004a5       0x14 Debug\src\cp15_asm.o
 .debug_abbrev  0x000004b9      0x1d2 Debug\src\dbgu.o
 .debug_abbrev  0x0000068b      0x16c Debug\src\main.o
 .debug_abbrev  0x000007f7      0x17e Debug\src\pio.o
 .debug_abbrev  0x00000975       0xe2 Debug\src\pmc.o
 .debug_abbrev  0x00000a57      0x251 Debug\src\stdio.o
 .debug_abbrev  0x00000ca8       0x12 Debug\src\board_cstartup.o
 .debug_abbrev  0x00000cba       0x14 r:/_tul/ves/yagarto/bin/../lib/gcc/arm-none-eabi/4.5.1\libgcc.a(_udivsi3.o)
 .debug_abbrev  0x00000cce       0x14 r:/_tul/ves/yagarto/bin/../lib/gcc/arm-none-eabi/4.5.1\libgcc.a(_dvmd_tls.o)
 .debug_abbrev  0x00000ce2      0x185 r:/_tul/ves/yagarto/bin/../lib/gcc/arm-none-eabi/4.5.1/../../../../arm-none-eabi/lib\libc.a(lib_a-atoi.o)
 .debug_abbrev  0x00000e67       0x9c r:/_tul/ves/yagarto/bin/../lib/gcc/arm-none-eabi/4.5.1/../../../../arm-none-eabi/lib\libc.a(lib_a-memset.o)
 .debug_abbrev  0x00000f03       0x71 r:/_tul/ves/yagarto/bin/../lib/gcc/arm-none-eabi/4.5.1/../../../../arm-none-eabi/lib\libc.a(lib_a-strcmp.o)
 .debug_abbrev  0x00000f74      0x18e r:/_tul/ves/yagarto/bin/../lib/gcc/arm-none-eabi/4.5.1/../../../../arm-none-eabi/lib\libc.a(lib_a-strtok.o)
 .debug_abbrev  0x00001102       0xde r:/_tul/ves/yagarto/bin/../lib/gcc/arm-none-eabi/4.5.1/../../../../arm-none-eabi/lib\libc.a(lib_a-strtok_r.o)
 .debug_abbrev  0x000011e0      0x1bd r:/_tul/ves/yagarto/bin/../lib/gcc/arm-none-eabi/4.5.1/../../../../arm-none-eabi/lib\libc.a(lib_a-strtol.o)
 .debug_abbrev  0x0000139d       0x63 r:/_tul/ves/yagarto/bin/../lib/gcc/arm-none-eabi/4.5.1/../../../../arm-none-eabi/lib\libc.a(lib_a-ctype_.o)

.debug_info     0x00000000     0x6360
 .debug_info    0x00000000      0x2b4 Debug\Drivers\cpu\aic.o
 .debug_info    0x000002b4      0x1d5 Debug\Drivers\cpu\pit.o
 .debug_info    0x00000489      0x128 Debug\Drivers\cpu\timers.o
 .debug_info    0x000005b1      0x382 Debug\src\board_lowlevel.o
 .debug_info    0x00000933      0xab5 Debug\src\board_memories.o
 .debug_info    0x000013e8      0x1e3 Debug\src\cp15.o
 .debug_info    0x000015cb       0x54 Debug\src\cp15_asm.o
 .debug_info    0x0000161f      0xc5f Debug\src\dbgu.o
 .debug_info    0x0000227e      0x561 Debug\src\main.o
 .debug_info    0x000027df      0x715 Debug\src\pio.o
 .debug_info    0x00002ef4      0x2df Debug\src\pmc.o
 .debug_info    0x000031d3      0xeb5 Debug\src\stdio.o
 .debug_info    0x00004088       0x56 Debug\src\board_cstartup.o
 .debug_info    0x000040de       0x9a r:/_tul/ves/yagarto/bin/../lib/gcc/arm-none-eabi/4.5.1\libgcc.a(_udivsi3.o)
 .debug_info    0x00004178       0x9a r:/_tul/ves/yagarto/bin/../lib/gcc/arm-none-eabi/4.5.1\libgcc.a(_dvmd_tls.o)
 .debug_info    0x00004212      0x98b r:/_tul/ves/yagarto/bin/../lib/gcc/arm-none-eabi/4.5.1/../../../../arm-none-eabi/lib\libc.a(lib_a-atoi.o)
 .debug_info    0x00004b9d      0x114 r:/_tul/ves/yagarto/bin/../lib/gcc/arm-none-eabi/4.5.1/../../../../arm-none-eabi/lib\libc.a(lib_a-memset.o)
 .debug_info    0x00004cb1       0xda r:/_tul/ves/yagarto/bin/../lib/gcc/arm-none-eabi/4.5.1/../../../../arm-none-eabi/lib\libc.a(lib_a-strcmp.o)
 .debug_info    0x00004d8b      0x980 r:/_tul/ves/yagarto/bin/../lib/gcc/arm-none-eabi/4.5.1/../../../../arm-none-eabi/lib\libc.a(lib_a-strtok.o)
 .debug_info    0x0000570b      0x15c r:/_tul/ves/yagarto/bin/../lib/gcc/arm-none-eabi/4.5.1/../../../../arm-none-eabi/lib\libc.a(lib_a-strtok_r.o)
 .debug_info    0x00005867      0xa6e r:/_tul/ves/yagarto/bin/../lib/gcc/arm-none-eabi/4.5.1/../../../../arm-none-eabi/lib\libc.a(lib_a-strtol.o)
 .debug_info    0x000062d5       0x8b r:/_tul/ves/yagarto/bin/../lib/gcc/arm-none-eabi/4.5.1/../../../../arm-none-eabi/lib\libc.a(lib_a-ctype_.o)

.debug_line     0x00000000     0x145e
 .debug_line    0x00000000       0x5f Debug\Drivers\cpu\aic.o
 .debug_line    0x0000005f       0x8a Debug\Drivers\cpu\pit.o
 .debug_line    0x000000e9       0x7e Debug\Drivers\cpu\timers.o
 .debug_line    0x00000167       0x9c Debug\src\board_lowlevel.o
 .debug_line    0x00000203      0x119 Debug\src\board_memories.o
 .debug_line    0x0000031c       0x79 Debug\src\cp15.o
 .debug_line    0x00000395       0x55 Debug\src\cp15_asm.o
 .debug_line    0x000003ea      0x191 Debug\src\dbgu.o
 .debug_line    0x0000057b      0x13f Debug\src\main.o
 .debug_line    0x000006ba       0xdd Debug\src\pio.o
 .debug_line    0x00000797       0xa3 Debug\src\pmc.o
 .debug_line    0x0000083a      0x230 Debug\src\stdio.o
 .debug_line    0x00000a6a       0x90 Debug\src\board_cstartup.o
 .debug_line    0x00000afa       0x93 r:/_tul/ves/yagarto/bin/../lib/gcc/arm-none-eabi/4.5.1\libgcc.a(_udivsi3.o)
 .debug_line    0x00000b8d       0x6a r:/_tul/ves/yagarto/bin/../lib/gcc/arm-none-eabi/4.5.1\libgcc.a(_dvmd_tls.o)
 .debug_line    0x00000bf7      0x16b r:/_tul/ves/yagarto/bin/../lib/gcc/arm-none-eabi/4.5.1/../../../../arm-none-eabi/lib\libc.a(lib_a-atoi.o)
 .debug_line    0x00000d62      0x167 r:/_tul/ves/yagarto/bin/../lib/gcc/arm-none-eabi/4.5.1/../../../../arm-none-eabi/lib\libc.a(lib_a-memset.o)
 .debug_line    0x00000ec9       0xf3 r:/_tul/ves/yagarto/bin/../lib/gcc/arm-none-eabi/4.5.1/../../../../arm-none-eabi/lib\libc.a(lib_a-strcmp.o)
 .debug_line    0x00000fbc      0x16a r:/_tul/ves/yagarto/bin/../lib/gcc/arm-none-eabi/4.5.1/../../../../arm-none-eabi/lib\libc.a(lib_a-strtok.o)
 .debug_line    0x00001126       0xe9 r:/_tul/ves/yagarto/bin/../lib/gcc/arm-none-eabi/4.5.1/../../../../arm-none-eabi/lib\libc.a(lib_a-strtok_r.o)
 .debug_line    0x0000120f      0x1ec r:/_tul/ves/yagarto/bin/../lib/gcc/arm-none-eabi/4.5.1/../../../../arm-none-eabi/lib\libc.a(lib_a-strtol.o)
 .debug_line    0x000013fb       0x63 r:/_tul/ves/yagarto/bin/../lib/gcc/arm-none-eabi/4.5.1/../../../../arm-none-eabi/lib\libc.a(lib_a-ctype_.o)

.debug_loc      0x00000000     0x15f1
 .debug_loc     0x00000000       0x84 Debug\Drivers\cpu\aic.o
 .debug_loc     0x00000084      0x18c Debug\Drivers\cpu\pit.o
 .debug_loc     0x00000210       0xdc Debug\Drivers\cpu\timers.o
 .debug_loc     0x000002ec       0xb0 Debug\src\board_lowlevel.o
 .debug_loc     0x0000039c      0x160 Debug\src\board_memories.o
 .debug_loc     0x000004fc      0x18c Debug\src\cp15.o
 .debug_loc     0x00000688      0x134 Debug\src\dbgu.o
 .debug_loc     0x000007bc       0x58 Debug\src\main.o
 .debug_loc     0x00000814      0x1b8 Debug\src\pio.o
 .debug_loc     0x000009cc      0x160 Debug\src\pmc.o
 .debug_loc     0x00000b2c      0x298 Debug\src\stdio.o
 .debug_loc     0x00000dc4       0x79 r:/_tul/ves/yagarto/bin/../lib/gcc/arm-none-eabi/4.5.1/../../../../arm-none-eabi/lib\libc.a(lib_a-atoi.o)
 .debug_loc     0x00000e3d      0x173 r:/_tul/ves/yagarto/bin/../lib/gcc/arm-none-eabi/4.5.1/../../../../arm-none-eabi/lib\libc.a(lib_a-memset.o)
 .debug_loc     0x00000fb0      0x141 r:/_tul/ves/yagarto/bin/../lib/gcc/arm-none-eabi/4.5.1/../../../../arm-none-eabi/lib\libc.a(lib_a-strcmp.o)
 .debug_loc     0x000010f1       0x46 r:/_tul/ves/yagarto/bin/../lib/gcc/arm-none-eabi/4.5.1/../../../../arm-none-eabi/lib\libc.a(lib_a-strtok.o)
 .debug_loc     0x00001137      0x170 r:/_tul/ves/yagarto/bin/../lib/gcc/arm-none-eabi/4.5.1/../../../../arm-none-eabi/lib\libc.a(lib_a-strtok_r.o)
 .debug_loc     0x000012a7      0x34a r:/_tul/ves/yagarto/bin/../lib/gcc/arm-none-eabi/4.5.1/../../../../arm-none-eabi/lib\libc.a(lib_a-strtol.o)

.debug_pubnames
                0x00000000      0x783
 .debug_pubnames
                0x00000000       0x49 Debug\Drivers\cpu\aic.o
 .debug_pubnames
                0x00000049       0xa2 Debug\Drivers\cpu\pit.o
 .debug_pubnames
                0x000000eb       0x62 Debug\Drivers\cpu\timers.o
 .debug_pubnames
                0x0000014d       0x6a Debug\src\board_lowlevel.o
 .debug_pubnames
                0x000001b7       0xeb Debug\src\board_memories.o
 .debug_pubnames
                0x000002a2       0xe7 Debug\src\cp15.o
 .debug_pubnames
                0x00000389       0x7a Debug\src\dbgu.o
 .debug_pubnames
                0x00000403       0x27 Debug\src\main.o
 .debug_pubnames
                0x0000042a       0x8c Debug\src\pio.o
 .debug_pubnames
                0x000004b6       0xe7 Debug\src\pmc.o
 .debug_pubnames
                0x0000059d       0xdf Debug\src\stdio.o
 .debug_pubnames
                0x0000067c       0x27 r:/_tul/ves/yagarto/bin/../lib/gcc/arm-none-eabi/4.5.1/../../../../arm-none-eabi/lib\libc.a(lib_a-atoi.o)
 .debug_pubnames
                0x000006a3       0x1d r:/_tul/ves/yagarto/bin/../lib/gcc/arm-none-eabi/4.5.1/../../../../arm-none-eabi/lib\libc.a(lib_a-memset.o)
 .debug_pubnames
                0x000006c0       0x1d r:/_tul/ves/yagarto/bin/../lib/gcc/arm-none-eabi/4.5.1/../../../../arm-none-eabi/lib\libc.a(lib_a-strcmp.o)
 .debug_pubnames
                0x000006dd       0x1d r:/_tul/ves/yagarto/bin/../lib/gcc/arm-none-eabi/4.5.1/../../../../arm-none-eabi/lib\libc.a(lib_a-strtok.o)
 .debug_pubnames
                0x000006fa       0x2e r:/_tul/ves/yagarto/bin/../lib/gcc/arm-none-eabi/4.5.1/../../../../arm-none-eabi/lib\libc.a(lib_a-strtok_r.o)
 .debug_pubnames
                0x00000728       0x2b r:/_tul/ves/yagarto/bin/../lib/gcc/arm-none-eabi/4.5.1/../../../../arm-none-eabi/lib\libc.a(lib_a-strtol.o)
 .debug_pubnames
                0x00000753       0x30 r:/_tul/ves/yagarto/bin/../lib/gcc/arm-none-eabi/4.5.1/../../../../arm-none-eabi/lib\libc.a(lib_a-ctype_.o)

.debug_pubtypes
                0x00000000      0x7d5
 .debug_pubtypes
                0x00000000       0x30 Debug\Drivers\cpu\aic.o
 .debug_pubtypes
                0x00000030       0x32 Debug\Drivers\cpu\pit.o
 .debug_pubtypes
                0x00000062       0x1f Debug\Drivers\cpu\timers.o
 .debug_pubtypes
                0x00000081       0x90 Debug\src\board_lowlevel.o
 .debug_pubtypes
                0x00000111       0xcc Debug\src\board_memories.o
 .debug_pubtypes
                0x000001dd       0x12 Debug\src\cp15.o
 .debug_pubtypes
                0x000001ef      0x106 Debug\src\dbgu.o
 .debug_pubtypes
                0x000002f5       0x65 Debug\src\main.o
 .debug_pubtypes
                0x0000035a       0x55 Debug\src\pio.o
 .debug_pubtypes
                0x000003af       0x30 Debug\src\pmc.o
 .debug_pubtypes
                0x000003df      0x11e Debug\src\stdio.o
 .debug_pubtypes
                0x000004fd       0xdd r:/_tul/ves/yagarto/bin/../lib/gcc/arm-none-eabi/4.5.1/../../../../arm-none-eabi/lib\libc.a(lib_a-atoi.o)
 .debug_pubtypes
                0x000005da       0x1d r:/_tul/ves/yagarto/bin/../lib/gcc/arm-none-eabi/4.5.1/../../../../arm-none-eabi/lib\libc.a(lib_a-memset.o)
 .debug_pubtypes
                0x000005f7       0x12 r:/_tul/ves/yagarto/bin/../lib/gcc/arm-none-eabi/4.5.1/../../../../arm-none-eabi/lib\libc.a(lib_a-strcmp.o)
 .debug_pubtypes
                0x00000609       0xdd r:/_tul/ves/yagarto/bin/../lib/gcc/arm-none-eabi/4.5.1/../../../../arm-none-eabi/lib\libc.a(lib_a-strtok.o)
 .debug_pubtypes
                0x000006e6       0x12 r:/_tul/ves/yagarto/bin/../lib/gcc/arm-none-eabi/4.5.1/../../../../arm-none-eabi/lib\libc.a(lib_a-strtok_r.o)
 .debug_pubtypes
                0x000006f8       0xdd r:/_tul/ves/yagarto/bin/../lib/gcc/arm-none-eabi/4.5.1/../../../../arm-none-eabi/lib\libc.a(lib_a-strtol.o)

.debug_aranges  0x00000000      0x2a8
 .debug_aranges
                0x00000000       0x20 Debug\Drivers\cpu\aic.o
 .debug_aranges
                0x00000020       0x20 Debug\Drivers\cpu\pit.o
 .debug_aranges
                0x00000040       0x20 Debug\Drivers\cpu\timers.o
 .debug_aranges
                0x00000060       0x20 Debug\src\board_lowlevel.o
 .debug_aranges
                0x00000080       0x20 Debug\src\board_memories.o
 .debug_aranges
                0x000000a0       0x20 Debug\src\cp15.o
 .debug_aranges
                0x000000c0       0x20 Debug\src\cp15_asm.o
 .debug_aranges
                0x000000e0       0x20 Debug\src\dbgu.o
 .debug_aranges
                0x00000100       0x20 Debug\src\main.o
 .debug_aranges
                0x00000120       0x20 Debug\src\pio.o
 .debug_aranges
                0x00000140       0x20 Debug\src\pmc.o
 .debug_aranges
                0x00000160       0x20 Debug\src\stdio.o
 .debug_aranges
                0x00000180       0x28 Debug\src\board_cstartup.o
 .debug_aranges
                0x000001a8       0x20 r:/_tul/ves/yagarto/bin/../lib/gcc/arm-none-eabi/4.5.1\libgcc.a(_udivsi3.o)
 .debug_aranges
                0x000001c8       0x20 r:/_tul/ves/yagarto/bin/../lib/gcc/arm-none-eabi/4.5.1\libgcc.a(_dvmd_tls.o)
 .debug_aranges
                0x000001e8       0x20 r:/_tul/ves/yagarto/bin/../lib/gcc/arm-none-eabi/4.5.1/../../../../arm-none-eabi/lib\libc.a(lib_a-atoi.o)
 .debug_aranges
                0x00000208       0x20 r:/_tul/ves/yagarto/bin/../lib/gcc/arm-none-eabi/4.5.1/../../../../arm-none-eabi/lib\libc.a(lib_a-memset.o)
 .debug_aranges
                0x00000228       0x20 r:/_tul/ves/yagarto/bin/../lib/gcc/arm-none-eabi/4.5.1/../../../../arm-none-eabi/lib\libc.a(lib_a-strcmp.o)
 .debug_aranges
                0x00000248       0x20 r:/_tul/ves/yagarto/bin/../lib/gcc/arm-none-eabi/4.5.1/../../../../arm-none-eabi/lib\libc.a(lib_a-strtok.o)
 .debug_aranges
                0x00000268       0x20 r:/_tul/ves/yagarto/bin/../lib/gcc/arm-none-eabi/4.5.1/../../../../arm-none-eabi/lib\libc.a(lib_a-strtok_r.o)
 .debug_aranges
                0x00000288       0x20 r:/_tul/ves/yagarto/bin/../lib/gcc/arm-none-eabi/4.5.1/../../../../arm-none-eabi/lib\libc.a(lib_a-strtol.o)

.debug_str      0x00000000     0x15df
 .debug_str     0x00000000      0x18e Debug\Drivers\cpu\aic.o
                                0x1c7 (size before relaxing)
 .debug_str     0x0000018e       0xcc Debug\Drivers\cpu\pit.o
                                0x185 (size before relaxing)
 .debug_str     0x0000025a       0x71 Debug\Drivers\cpu\timers.o
                                0x123 (size before relaxing)
 .debug_str     0x000002cb       0xd3 Debug\src\board_lowlevel.o
                                0x289 (size before relaxing)
 .debug_str     0x0000039e      0x5e2 Debug\src\board_memories.o
                                0x6b7 (size before relaxing)
 .debug_str     0x00000980       0xc4 Debug\src\cp15.o
                                0x176 (size before relaxing)
 .debug_str     0x00000a44      0x501 Debug\src\dbgu.o
                                0x5de (size before relaxing)
 .debug_str     0x00000f45       0xa6 Debug\src\main.o
                                0x2da (size before relaxing)
 .debug_str     0x00000feb      0x170 Debug\src\pio.o
                                0x38d (size before relaxing)
 .debug_str     0x0000115b       0xbf Debug\src\pmc.o
                                0x231 (size before relaxing)
 .debug_str     0x0000121a       0xbd Debug\src\stdio.o
                                0x583 (size before relaxing)
 .debug_str     0x000012d7       0x86 r:/_tul/ves/yagarto/bin/../lib/gcc/arm-none-eabi/4.5.1/../../../../arm-none-eabi/lib\libc.a(lib_a-atoi.o)
                                0x4cf (size before relaxing)
 .debug_str     0x0000135d       0x9b r:/_tul/ves/yagarto/bin/../lib/gcc/arm-none-eabi/4.5.1/../../../../arm-none-eabi/lib\libc.a(lib_a-memset.o)
                                0x137 (size before relaxing)
 .debug_str     0x000013f8       0x40 r:/_tul/ves/yagarto/bin/../lib/gcc/arm-none-eabi/4.5.1/../../../../arm-none-eabi/lib\libc.a(lib_a-strcmp.o)
                                0x11c (size before relaxing)
 .debug_str     0x00001438       0x40 r:/_tul/ves/yagarto/bin/../lib/gcc/arm-none-eabi/4.5.1/../../../../arm-none-eabi/lib\libc.a(lib_a-strtok.o)
                                0x4dd (size before relaxing)
 .debug_str     0x00001478       0x6a r:/_tul/ves/yagarto/bin/../lib/gcc/arm-none-eabi/4.5.1/../../../../arm-none-eabi/lib\libc.a(lib_a-strtok_r.o)
                                0x155 (size before relaxing)
 .debug_str     0x000014e2       0x77 r:/_tul/ves/yagarto/bin/../lib/gcc/arm-none-eabi/4.5.1/../../../../arm-none-eabi/lib\libc.a(lib_a-strtol.o)
                                0x513 (size before relaxing)
 .debug_str     0x00001559       0x86 r:/_tul/ves/yagarto/bin/../lib/gcc/arm-none-eabi/4.5.1/../../../../arm-none-eabi/lib\libc.a(lib_a-ctype_.o)
                                 0xb2 (size before relaxing)

.comment        0x00000000       0x11
 .comment       0x00000000       0x11 Debug\Drivers\cpu\aic.o
                                 0x12 (size before relaxing)
 .comment       0x00000000       0x12 Debug\Drivers\cpu\pit.o
 .comment       0x00000000       0x12 Debug\Drivers\cpu\timers.o
 .comment       0x00000000       0x12 Debug\src\board_lowlevel.o
 .comment       0x00000000       0x12 Debug\src\board_memories.o
 .comment       0x00000000       0x12 Debug\src\cp15.o
 .comment       0x00000000       0x12 Debug\src\dbgu.o
 .comment       0x00000000       0x12 Debug\src\main.o
 .comment       0x00000000       0x12 Debug\src\pio.o
 .comment       0x00000000       0x12 Debug\src\pmc.o
 .comment       0x00000000       0x12 Debug\src\stdio.o
 .comment       0x00000000       0x12 r:/_tul/ves/yagarto/bin/../lib/gcc/arm-none-eabi/4.5.1/../../../../arm-none-eabi/lib\libc.a(lib_a-atoi.o)
 .comment       0x00000000       0x12 r:/_tul/ves/yagarto/bin/../lib/gcc/arm-none-eabi/4.5.1/../../../../arm-none-eabi/lib\libc.a(lib_a-memset.o)
 .comment       0x00000000       0x12 r:/_tul/ves/yagarto/bin/../lib/gcc/arm-none-eabi/4.5.1/../../../../arm-none-eabi/lib\libc.a(lib_a-strcmp.o)
 .comment       0x00000000       0x12 r:/_tul/ves/yagarto/bin/../lib/gcc/arm-none-eabi/4.5.1/../../../../arm-none-eabi/lib\libc.a(lib_a-strtok.o)
 .comment       0x00000000       0x12 r:/_tul/ves/yagarto/bin/../lib/gcc/arm-none-eabi/4.5.1/../../../../arm-none-eabi/lib\libc.a(lib_a-strtok_r.o)
 .comment       0x00000000       0x12 r:/_tul/ves/yagarto/bin/../lib/gcc/arm-none-eabi/4.5.1/../../../../arm-none-eabi/lib\libc.a(lib_a-strtol.o)
 .comment       0x00000000       0x12 r:/_tul/ves/yagarto/bin/../lib/gcc/arm-none-eabi/4.5.1/../../../../arm-none-eabi/lib\libc.a(lib_a-ctype_.o)

.ARM.attributes
                0x00000000       0x2d
 .ARM.attributes
                0x00000000       0x30 Debug\Drivers\cpu\aic.o
 .ARM.attributes
                0x00000030       0x30 Debug\Drivers\cpu\pit.o
 .ARM.attributes
                0x00000060       0x30 Debug\Drivers\cpu\timers.o
 .ARM.attributes
                0x00000090       0x30 Debug\src\board_lowlevel.o
 .ARM.attributes
                0x000000c0       0x30 Debug\src\board_memories.o
 .ARM.attributes
                0x000000f0       0x30 Debug\src\cp15.o
 .ARM.attributes
                0x00000120       0x16 Debug\src\cp15_asm.o
 .ARM.attributes
                0x00000136       0x30 Debug\src\dbgu.o
 .ARM.attributes
                0x00000166       0x30 Debug\src\main.o
 .ARM.attributes
                0x00000196       0x30 Debug\src\pio.o
 .ARM.attributes
                0x000001c6       0x30 Debug\src\pmc.o
 .ARM.attributes
                0x000001f6       0x30 Debug\src\stdio.o
 .ARM.attributes
                0x00000226       0x14 Debug\src\board_cstartup.o
 .ARM.attributes
                0x0000023a       0x18 r:/_tul/ves/yagarto/bin/../lib/gcc/arm-none-eabi/4.5.1\libgcc.a(_udivsi3.o)
 .ARM.attributes
                0x00000252       0x16 r:/_tul/ves/yagarto/bin/../lib/gcc/arm-none-eabi/4.5.1\libgcc.a(_dvmd_tls.o)
 .ARM.attributes
                0x00000268       0x30 r:/_tul/ves/yagarto/bin/../lib/gcc/arm-none-eabi/4.5.1/../../../../arm-none-eabi/lib\libc.a(lib_a-atoi.o)
 .ARM.attributes
                0x00000298       0x30 r:/_tul/ves/yagarto/bin/../lib/gcc/arm-none-eabi/4.5.1/../../../../arm-none-eabi/lib\libc.a(lib_a-memset.o)
 .ARM.attributes
                0x000002c8       0x30 r:/_tul/ves/yagarto/bin/../lib/gcc/arm-none-eabi/4.5.1/../../../../arm-none-eabi/lib\libc.a(lib_a-strcmp.o)
 .ARM.attributes
                0x000002f8       0x30 r:/_tul/ves/yagarto/bin/../lib/gcc/arm-none-eabi/4.5.1/../../../../arm-none-eabi/lib\libc.a(lib_a-strtok.o)
 .ARM.attributes
                0x00000328       0x30 r:/_tul/ves/yagarto/bin/../lib/gcc/arm-none-eabi/4.5.1/../../../../arm-none-eabi/lib\libc.a(lib_a-strtok_r.o)
 .ARM.attributes
                0x00000358       0x30 r:/_tul/ves/yagarto/bin/../lib/gcc/arm-none-eabi/4.5.1/../../../../arm-none-eabi/lib\libc.a(lib_a-strtol.o)
 .ARM.attributes
                0x00000388       0x30 r:/_tul/ves/yagarto/bin/../lib/gcc/arm-none-eabi/4.5.1/../../../../arm-none-eabi/lib\libc.a(lib_a-ctype_.o)

.debug_frame    0x00000000      0xa44
 .debug_frame   0x00000000       0x58 Debug\Drivers\cpu\aic.o
 .debug_frame   0x00000058       0xe8 Debug\Drivers\cpu\pit.o
 .debug_frame   0x00000140       0x94 Debug\Drivers\cpu\timers.o
 .debug_frame   0x000001d4       0x74 Debug\src\board_lowlevel.o
 .debug_frame   0x00000248       0xd8 Debug\src\board_memories.o
 .debug_frame   0x00000320      0x10c Debug\src\cp15.o
 .debug_frame   0x0000042c       0xcc Debug\src\dbgu.o
 .debug_frame   0x000004f8       0x48 Debug\src\main.o
 .debug_frame   0x00000540      0x104 Debug\src\pio.o
 .debug_frame   0x00000644       0xe4 Debug\src\pmc.o
 .debug_frame   0x00000728      0x1b4 Debug\src\stdio.o
 .debug_frame   0x000008dc       0x20 r:/_tul/ves/yagarto/bin/../lib/gcc/arm-none-eabi/4.5.1\libgcc.a(_udivsi3.o)
 .debug_frame   0x000008fc       0x40 r:/_tul/ves/yagarto/bin/../lib/gcc/arm-none-eabi/4.5.1/../../../../arm-none-eabi/lib\libc.a(lib_a-atoi.o)
 .debug_frame   0x0000093c       0x28 r:/_tul/ves/yagarto/bin/../lib/gcc/arm-none-eabi/4.5.1/../../../../arm-none-eabi/lib\libc.a(lib_a-memset.o)
 .debug_frame   0x00000964       0x28 r:/_tul/ves/yagarto/bin/../lib/gcc/arm-none-eabi/4.5.1/../../../../arm-none-eabi/lib\libc.a(lib_a-strcmp.o)
 .debug_frame   0x0000098c       0x28 r:/_tul/ves/yagarto/bin/../lib/gcc/arm-none-eabi/4.5.1/../../../../arm-none-eabi/lib\libc.a(lib_a-strtok.o)
 .debug_frame   0x000009b4       0x3c r:/_tul/ves/yagarto/bin/../lib/gcc/arm-none-eabi/4.5.1/../../../../arm-none-eabi/lib\libc.a(lib_a-strtok_r.o)
 .debug_frame   0x000009f0       0x54 r:/_tul/ves/yagarto/bin/../lib/gcc/arm-none-eabi/4.5.1/../../../../arm-none-eabi/lib\libc.a(lib_a-strtol.o)

.debug_ranges   0x00000000       0x20
 .debug_ranges  0x00000000       0x20 Debug\src\board_cstartup.o
