Archive member included because of file (symbol)

d:/ves2016/yagarto/bin/../lib/gcc/arm-none-eabi/4.5.1\libgcc.a(_udivsi3.o)
                              Debug\Drivers\cpu\adc.o (__aeabi_uidiv)
d:/ves2016/yagarto/bin/../lib/gcc/arm-none-eabi/4.5.1\libgcc.a(_dvmd_tls.o)
                              d:/ves2016/yagarto/bin/../lib/gcc/arm-none-eabi/4.5.1\libgcc.a(_udivsi3.o) (__aeabi_idiv0)
d:/ves2016/yagarto/bin/../lib/gcc/arm-none-eabi/4.5.1/../../../../arm-none-eabi/lib\libc.a(lib_a-atoi.o)
                              Debug\src\CommandUI.o (atoi)
d:/ves2016/yagarto/bin/../lib/gcc/arm-none-eabi/4.5.1/../../../../arm-none-eabi/lib\libc.a(lib_a-memset.o)
                              Debug\src\main.o (memset)
d:/ves2016/yagarto/bin/../lib/gcc/arm-none-eabi/4.5.1/../../../../arm-none-eabi/lib\libc.a(lib_a-strcasecmp.o)
                              Debug\src\CommandUI.o (strcasecmp)
d:/ves2016/yagarto/bin/../lib/gcc/arm-none-eabi/4.5.1/../../../../arm-none-eabi/lib\libc.a(lib_a-strtok.o)
                              Debug\src\CommandUI.o (strtok)
d:/ves2016/yagarto/bin/../lib/gcc/arm-none-eabi/4.5.1/../../../../arm-none-eabi/lib\libc.a(lib_a-strtok_r.o)
                              d:/ves2016/yagarto/bin/../lib/gcc/arm-none-eabi/4.5.1/../../../../arm-none-eabi/lib\libc.a(lib_a-strtok.o) (__strtok_r)
d:/ves2016/yagarto/bin/../lib/gcc/arm-none-eabi/4.5.1/../../../../arm-none-eabi/lib\libc.a(lib_a-strtol.o)
                              d:/ves2016/yagarto/bin/../lib/gcc/arm-none-eabi/4.5.1/../../../../arm-none-eabi/lib\libc.a(lib_a-atoi.o) (_strtol_r)
d:/ves2016/yagarto/bin/../lib/gcc/arm-none-eabi/4.5.1/../../../../arm-none-eabi/lib\libc.a(lib_a-ctype_.o)
                              d:/ves2016/yagarto/bin/../lib/gcc/arm-none-eabi/4.5.1/../../../../arm-none-eabi/lib\libc.a(lib_a-strcasecmp.o) (__ctype_ptr__)

Allocating common symbols
Common symbol       size              file

led_Status          0x50              Debug\src\CommandUI.o

Discarded input sections

 .data          0x00000000        0x0 Debug\Drivers\cpu\adc.o
 .bss           0x00000000        0x0 Debug\Drivers\cpu\adc.o
 .data          0x00000000        0x0 Debug\Drivers\cpu\aic.o
 .bss           0x00000000        0x0 Debug\Drivers\cpu\aic.o
 .data          0x00000000        0x0 Debug\Drivers\cpu\pit.o
 .bss           0x00000000        0x0 Debug\Drivers\cpu\pit.o
 .data          0x00000000        0x0 Debug\Drivers\cpu\timers.o
 .data          0x00000000        0x0 Debug\src\board_lowlevel.o
 .bss           0x00000000        0x0 Debug\src\board_lowlevel.o
 .data          0x00000000        0x0 Debug\src\board_memories.o
 .bss           0x00000000        0x0 Debug\src\board_memories.o
 .data          0x00000000        0x0 Debug\src\CommandUI.o
 .bss           0x00000000        0x0 Debug\src\CommandUI.o
 .data          0x00000000        0x0 Debug\src\cp15.o
 .bss           0x00000000        0x0 Debug\src\cp15.o
 .data          0x00000000        0x0 Debug\src\cp15_asm.o
 .bss           0x00000000        0x0 Debug\src\cp15_asm.o
 .data          0x00000000        0x0 Debug\src\dbgu.o
 .bss           0x00000000        0x0 Debug\src\dbgu.o
 .data          0x00000000        0x0 Debug\src\DbgUart.o
 .bss           0x00000000        0x0 Debug\src\DbgUart.o
 .data          0x00000000        0x0 Debug\src\main.o
 .bss           0x00000000        0x8 Debug\src\main.o
 .data          0x00000000        0x0 Debug\src\pio.o
 .bss           0x00000000        0x0 Debug\src\pio.o
 .text          0x00000000      0x2b8 Debug\src\pmc.o
 .data          0x00000000        0x0 Debug\src\pmc.o
 .bss           0x00000000        0x0 Debug\src\pmc.o
 .rodata        0x00000000      0x108 Debug\src\pmc.o
 .bss           0x00000000        0x0 Debug\src\stdio.o
 .data          0x00000000        0x0 Debug\src\board_cstartup.o
 .bss           0x00000000        0x0 Debug\src\board_cstartup.o
 .data          0x00000000        0x0 d:/ves2016/yagarto/bin/../lib/gcc/arm-none-eabi/4.5.1\libgcc.a(_udivsi3.o)
 .bss           0x00000000        0x0 d:/ves2016/yagarto/bin/../lib/gcc/arm-none-eabi/4.5.1\libgcc.a(_udivsi3.o)
 .data          0x00000000        0x0 d:/ves2016/yagarto/bin/../lib/gcc/arm-none-eabi/4.5.1\libgcc.a(_dvmd_tls.o)
 .bss           0x00000000        0x0 d:/ves2016/yagarto/bin/../lib/gcc/arm-none-eabi/4.5.1\libgcc.a(_dvmd_tls.o)
 .data          0x00000000        0x0 d:/ves2016/yagarto/bin/../lib/gcc/arm-none-eabi/4.5.1/../../../../arm-none-eabi/lib\libc.a(lib_a-atoi.o)
 .bss           0x00000000        0x0 d:/ves2016/yagarto/bin/../lib/gcc/arm-none-eabi/4.5.1/../../../../arm-none-eabi/lib\libc.a(lib_a-atoi.o)
 .data          0x00000000        0x0 d:/ves2016/yagarto/bin/../lib/gcc/arm-none-eabi/4.5.1/../../../../arm-none-eabi/lib\libc.a(lib_a-memset.o)
 .bss           0x00000000        0x0 d:/ves2016/yagarto/bin/../lib/gcc/arm-none-eabi/4.5.1/../../../../arm-none-eabi/lib\libc.a(lib_a-memset.o)
 .data          0x00000000        0x0 d:/ves2016/yagarto/bin/../lib/gcc/arm-none-eabi/4.5.1/../../../../arm-none-eabi/lib\libc.a(lib_a-strcasecmp.o)
 .bss           0x00000000        0x0 d:/ves2016/yagarto/bin/../lib/gcc/arm-none-eabi/4.5.1/../../../../arm-none-eabi/lib\libc.a(lib_a-strcasecmp.o)
 .data          0x00000000        0x0 d:/ves2016/yagarto/bin/../lib/gcc/arm-none-eabi/4.5.1/../../../../arm-none-eabi/lib\libc.a(lib_a-strtok.o)
 .bss           0x00000000        0x0 d:/ves2016/yagarto/bin/../lib/gcc/arm-none-eabi/4.5.1/../../../../arm-none-eabi/lib\libc.a(lib_a-strtok.o)
 .data          0x00000000        0x0 d:/ves2016/yagarto/bin/../lib/gcc/arm-none-eabi/4.5.1/../../../../arm-none-eabi/lib\libc.a(lib_a-strtok_r.o)
 .bss           0x00000000        0x0 d:/ves2016/yagarto/bin/../lib/gcc/arm-none-eabi/4.5.1/../../../../arm-none-eabi/lib\libc.a(lib_a-strtok_r.o)
 .data          0x00000000        0x0 d:/ves2016/yagarto/bin/../lib/gcc/arm-none-eabi/4.5.1/../../../../arm-none-eabi/lib\libc.a(lib_a-strtol.o)
 .bss           0x00000000        0x0 d:/ves2016/yagarto/bin/../lib/gcc/arm-none-eabi/4.5.1/../../../../arm-none-eabi/lib\libc.a(lib_a-strtol.o)
 .text          0x00000000        0x0 d:/ves2016/yagarto/bin/../lib/gcc/arm-none-eabi/4.5.1/../../../../arm-none-eabi/lib\libc.a(lib_a-ctype_.o)
 .bss           0x00000000        0x0 d:/ves2016/yagarto/bin/../lib/gcc/arm-none-eabi/4.5.1/../../../../arm-none-eabi/lib\libc.a(lib_a-ctype_.o)

Memory Configuration

Name             Origin             Length             Attributes
sram0            0x00200000         0x00001000         w !xr
sram1            0x00300000         0x00001000         w !xr
sdram            0x20000000         0x01000000         w !xr
*default*        0x00000000         0xffffffff

Linker script and memory map

LOAD Debug\Drivers\cpu\adc.o
LOAD Debug\Drivers\cpu\aic.o
LOAD Debug\Drivers\cpu\pit.o
LOAD Debug\Drivers\cpu\timers.o
LOAD Debug\src\board_lowlevel.o
LOAD Debug\src\board_memories.o
LOAD Debug\src\CommandUI.o
LOAD Debug\src\cp15.o
LOAD Debug\src\cp15_asm.o
LOAD Debug\src\dbgu.o
LOAD Debug\src\DbgUart.o
LOAD Debug\src\main.o
LOAD Debug\src\pio.o
LOAD Debug\src\pmc.o
LOAD Debug\src\stdio.o
LOAD Debug\src\board_cstartup.o
LOAD d:/ves2016/yagarto/bin/../lib/gcc/arm-none-eabi/4.5.1/../../../../arm-none-eabi/lib\libstdc++.a
LOAD d:/ves2016/yagarto/bin/../lib/gcc/arm-none-eabi/4.5.1/../../../../arm-none-eabi/lib\libm.a
START GROUP
LOAD d:/ves2016/yagarto/bin/../lib/gcc/arm-none-eabi/4.5.1\libgcc.a
LOAD d:/ves2016/yagarto/bin/../lib/gcc/arm-none-eabi/4.5.1/../../../../arm-none-eabi/lib\libc.a
END GROUP

.fixed          0x20000000     0x47f4
                0x20000000                . = ALIGN (0x4)
                0x20000000                _sfixed = .
 *(.text*)
 .text          0x20000000      0x7b8 Debug\Drivers\cpu\adc.o
                0x20000070                ADC_Initialize
                0x200002b8                ADC_GetModeReg
                0x200002e0                ADC_EnableChannel
                0x20000340                ADC_DisableChannel
                0x200003a0                ADC_GetChannelStatus
                0x200003c8                ADC_StartConversion
                0x200003f0                ADC_SoftReset
                0x20000418                ADC_GetLastConvertedData
                0x20000440                ADC_GetConvertedData
                0x200004f8                ADC_EnableIt
                0x200005b0                ADC_EnableDataReadyIt
                0x200005d8                ADC_DisableIt
                0x20000690                ADC_GetStatus
                0x200006b8                ADC_GetInterruptMaskStatus
                0x200006e0                ADC_IsInterruptMasked
                0x20000718                ADC_IsStatusSet
                0x20000750                ADC_IsChannelInterruptStatusSet
 .text          0x200007b8       0xe8 Debug\Drivers\cpu\aic.o
                0x200007b8                AIC_ConfigureIT
                0x20000838                AIC_EnableIT
                0x2000086c                AIC_DisableIT
 .text          0x200008a0      0x1d4 Debug\Drivers\cpu\pit.o
                0x200008a0                PIT_Init
                0x20000910                PIT_SetPIV
                0x20000954                PIT_Enable
                0x20000984                PIT_EnableIT
                0x200009b4                PIT_DisableIT
                0x200009e4                PIT_GetMode
                0x20000a08                PIT_GetStatus
                0x20000a2c                PIT_GetPIIR
                0x20000a50                PIT_GetPIVR
 .text          0x20000a74      0x124 Debug\Drivers\cpu\timers.o
                0x20000a74                _I_Disable
                0x20000a98                _I_Enable
                0x20000abc                ISR_Pit
                0x20000b14                TimerPeriodicInit
                0x20000b60                GetTickCount
 .text          0x20000b98      0x134 Debug\src\board_lowlevel.o
                0x20000b98                defaultSpuriousHandler
                0x20000ba4                defaultFiqHandler
                0x20000bb0                defaultIrqHandler
                0x20000bbc                LowLevelInit
 .text          0x20000ccc      0x8dc Debug\src\board_memories.o
                0x20000ccc                BOARD_RemapRom
                0x20000cf0                BOARD_RemapRam
                0x20000d14                BOARD_ConfigureSdram
                0x20000f98                BOARD_ConfigureSdram48MHz
                0x20001218                BOARD_ConfigureNandFlash
                0x200012f8                BOARD_ConfigureNandFlash48MHz
                0x200013d8                BOARD_ConfigureNorFlash
                0x200014c0                BOARD_ConfigureNorFlash48MHz
 .text          0x200015a8      0x3d0 Debug\src\CommandUI.o
                0x200015a8                DoCmdHelp
                0x200015e0                DoCmdSet
                0x200016f8                DoCmdClr
                0x200017bc                DoCmdAd
                0x20001864                UIProcessCmd
 .text          0x20001978      0x300 Debug\src\cp15.o
                0x20001978                CP15_Is_I_CacheEnabled
                0x200019b0                CP15_Enable_I_Cache
                0x20001a10                CP15_Disable_I_Cache
                0x20001a70                CP15_Is_MMUEnabled
                0x20001a9c                CP15_EnableMMU
                0x20001afc                CP15_DisableMMU
                0x20001b6c                CP15_Is_DCacheEnabled
                0x20001b98                CP15_Enable_D_Cache
                0x20001c18                CP15_Disable_D_Cache
 .text          0x20001c78       0x40 Debug\src\cp15_asm.o
                0x20001c78                _readControlRegister
                0x20001c84                _writeControlRegister
                0x20001c8c                _waitForInterrupt
                0x20001c98                _writeTTB
                0x20001ca0                _writeDomain
                0x20001ca8                _writeITLBLockdown
                0x20001cb0                _prefetchICacheLine
 .text          0x20001cb8      0x2a8 Debug\src\dbgu.o
                0x20001cb8                DBGU_Configure
                0x20001d54                DBGU_PutChar
                0x20001dbc                DBGU_IsRxReady
                0x20001de4                DBGU_GetChar
                0x20001e28                fputc
                0x20001e9c                fputs
                0x20001f20                putchar
 .text          0x20001f60       0xe0 Debug\src\DbgUart.o
                0x20001f60                DbgSendStr
                0x20001fc4                DbgSendStrNl
                0x20001ff4                DbgFormat
 .text          0x20002040      0x570 Debug\src\main.o
                0x20002040                LED_Set
                0x20002170                main
 .text          0x200025b0      0x550 Debug\src\pio.o
                0x200025b0                PIO_SetPeripheralA
                0x200027f8                PIO_Configure
                0x200029a0                PIO_Set
                0x200029d0                PIO_Clear
                0x20002a00                PIO_Get
                0x20002a88                PIO_GetOutputDataStatus
                0x20002ad4                PIO_GetISR
 .text          0x20002b00      0xbb4 Debug\src\stdio.o
                0x20002b00                PutChar
                0x20002b38                PutString
                0x20002bb0                PutUnsignedInt
                0x20002cd0                PutSignedInt
                0x20002ea0                PutHexa
                0x2000301c                vsnprintf
                0x20003424                snprintf
                0x20003474                vsprintf
                0x200034b4                vfprintf
                0x2000355c                vprintf
                0x200035a4                fprintf
                0x200035ec                printf
                0x2000362c                sprintf
                0x20003674                puts
 *fill*         0x200036b4        0xc 00
 .text          0x200036c0       0xc0 Debug\src\board_cstartup.o
                0x200036c0                entry
 .text          0x20003780      0x114 d:/ves2016/yagarto/bin/../lib/gcc/arm-none-eabi/4.5.1\libgcc.a(_udivsi3.o)
                0x20003780                __aeabi_uidiv
                0x20003780                __udivsi3
                0x20003874                __aeabi_uidivmod
 .text          0x20003894        0x4 d:/ves2016/yagarto/bin/../lib/gcc/arm-none-eabi/4.5.1\libgcc.a(_dvmd_tls.o)
                0x20003894                __aeabi_idiv0
                0x20003894                __aeabi_ldiv0
 .text          0x20003898       0x30 d:/ves2016/yagarto/bin/../lib/gcc/arm-none-eabi/4.5.1/../../../../arm-none-eabi/lib\libc.a(lib_a-atoi.o)
                0x20003898                atoi
                0x200038b0                _atoi_r
 .text          0x200038c8      0x100 d:/ves2016/yagarto/bin/../lib/gcc/arm-none-eabi/4.5.1/../../../../arm-none-eabi/lib\libc.a(lib_a-memset.o)
                0x200038c8                memset
 .text          0x200039c8       0x64 d:/ves2016/yagarto/bin/../lib/gcc/arm-none-eabi/4.5.1/../../../../arm-none-eabi/lib\libc.a(lib_a-strcasecmp.o)
                0x200039c8                strcasecmp
 .text          0x20003a2c       0x24 d:/ves2016/yagarto/bin/../lib/gcc/arm-none-eabi/4.5.1/../../../../arm-none-eabi/lib\libc.a(lib_a-strtok.o)
                0x20003a2c                strtok
 .text          0x20003a50       0xb4 d:/ves2016/yagarto/bin/../lib/gcc/arm-none-eabi/4.5.1/../../../../arm-none-eabi/lib\libc.a(lib_a-strtok_r.o)
                0x20003a50                __strtok_r
                0x20003afc                strtok_r
 .text          0x20003b04      0x1f4 d:/ves2016/yagarto/bin/../lib/gcc/arm-none-eabi/4.5.1/../../../../arm-none-eabi/lib\libc.a(lib_a-strtol.o)
                0x20003b04                _strtol_r
                0x20003ccc                strtol
 *(.rodata*)
 .rodata        0x20003cf8      0x14c Debug\Drivers\cpu\adc.o
 .rodata        0x20003e44       0x18 Debug\src\board_memories.o
 .rodata        0x20003e5c      0x130 Debug\src\CommandUI.o
 .rodata        0x20003f8c      0x17c Debug\src\cp15.o
 .rodata        0x20004108        0x4 Debug\src\DbgUart.o
 .rodata        0x2000410c      0x18c Debug\src\main.o
 .rodata        0x20004298       0x24 Debug\src\stdio.o
 .rodata        0x200042bc      0x104 d:/ves2016/yagarto/bin/../lib/gcc/arm-none-eabi/4.5.1/../../../../arm-none-eabi/lib\libc.a(lib_a-ctype_.o)
                0x200042bc                _ctype_
 *(.glue_7)
 .glue_7        0x00000000        0x0 linker stubs
 *(.glue_7t)
 .glue_7t       0x00000000        0x0 linker stubs
 *(.data)
 .data          0x200043c0      0x430 Debug\src\stdio.o
                0x200043c0                r
                0x200047e8                _impure_ptr
 .data          0x200047f0        0x4 d:/ves2016/yagarto/bin/../lib/gcc/arm-none-eabi/4.5.1/../../../../arm-none-eabi/lib\libc.a(lib_a-ctype_.o)
                0x200047f0                __ctype_ptr__
                0x200047f4                . = ALIGN (0x4)
                0x200047f4                _efixed = .

.vfp11_veneer   0x00000000        0x0
 .vfp11_veneer  0x00000000        0x0 linker stubs

.v4_bx          0x00000000        0x0
 .v4_bx         0x00000000        0x0 linker stubs

.prerelocate    0x00000000        0x0 load address 0x200047f4
                0x00000000                . = ALIGN (0x4)
                0x00000000                _sprerelocate = .
                0x00000000                . = ALIGN (0x4)
                0x00000000                _eprerelocate = .

.postrelocate   0x00200000       0x6c load address 0x200047f4
                0x00200000                . = ALIGN (0x4)
                0x00200000                _spostrelocate = .
 *(.vectors)
 .vectors       0x00200000       0x6c Debug\src\board_cstartup.o
 *(.ramfunc)
                0x0020006c                . = ALIGN (0x4)
                0x0020006c                _epostrelocate = .

.bss            0x200047f4       0x54
                0x200047f4                _szero = .
 *(.bss)
 .bss           0x200047f4        0x4 Debug\Drivers\cpu\timers.o
                0x200047f8                . = ALIGN (0x4)
                0x200047f8                _ezero = .
 COMMON         0x200047f8       0x50 Debug\src\CommandUI.o
                0x200047f8                led_Status
                0x21000000                _sstack = 0x21000000
                0x20004848                end = .
OUTPUT(Debug\xxx.elf elf32-littlearm)

.debug_abbrev   0x00000000     0x17e6
 .debug_abbrev  0x00000000      0x14e Debug\Drivers\cpu\adc.o
 .debug_abbrev  0x0000014e       0xb9 Debug\Drivers\cpu\aic.o
 .debug_abbrev  0x00000207       0xc6 Debug\Drivers\cpu\pit.o
 .debug_abbrev  0x000002cd       0x92 Debug\Drivers\cpu\timers.o
 .debug_abbrev  0x0000035f       0xbf Debug\src\board_lowlevel.o
 .debug_abbrev  0x0000041e      0x157 Debug\src\board_memories.o
 .debug_abbrev  0x00000575      0x16f Debug\src\CommandUI.o
 .debug_abbrev  0x000006e4       0x7e Debug\src\cp15.o
 .debug_abbrev  0x00000762       0x14 Debug\src\cp15_asm.o
 .debug_abbrev  0x00000776      0x1d2 Debug\src\dbgu.o
 .debug_abbrev  0x00000948       0xce Debug\src\DbgUart.o
 .debug_abbrev  0x00000a16      0x170 Debug\src\main.o
 .debug_abbrev  0x00000b86      0x17e Debug\src\pio.o
 .debug_abbrev  0x00000d04       0xe2 Debug\src\pmc.o
 .debug_abbrev  0x00000de6      0x251 Debug\src\stdio.o
 .debug_abbrev  0x00001037       0x12 Debug\src\board_cstartup.o
 .debug_abbrev  0x00001049       0x14 d:/ves2016/yagarto/bin/../lib/gcc/arm-none-eabi/4.5.1\libgcc.a(_udivsi3.o)
 .debug_abbrev  0x0000105d       0x14 d:/ves2016/yagarto/bin/../lib/gcc/arm-none-eabi/4.5.1\libgcc.a(_dvmd_tls.o)
 .debug_abbrev  0x00001071      0x185 d:/ves2016/yagarto/bin/../lib/gcc/arm-none-eabi/4.5.1/../../../../arm-none-eabi/lib\libc.a(lib_a-atoi.o)
 .debug_abbrev  0x000011f6       0x9c d:/ves2016/yagarto/bin/../lib/gcc/arm-none-eabi/4.5.1/../../../../arm-none-eabi/lib\libc.a(lib_a-memset.o)
 .debug_abbrev  0x00001292       0xc8 d:/ves2016/yagarto/bin/../lib/gcc/arm-none-eabi/4.5.1/../../../../arm-none-eabi/lib\libc.a(lib_a-strcasecmp.o)
 .debug_abbrev  0x0000135a      0x18e d:/ves2016/yagarto/bin/../lib/gcc/arm-none-eabi/4.5.1/../../../../arm-none-eabi/lib\libc.a(lib_a-strtok.o)
 .debug_abbrev  0x000014e8       0xde d:/ves2016/yagarto/bin/../lib/gcc/arm-none-eabi/4.5.1/../../../../arm-none-eabi/lib\libc.a(lib_a-strtok_r.o)
 .debug_abbrev  0x000015c6      0x1bd d:/ves2016/yagarto/bin/../lib/gcc/arm-none-eabi/4.5.1/../../../../arm-none-eabi/lib\libc.a(lib_a-strtol.o)
 .debug_abbrev  0x00001783       0x63 d:/ves2016/yagarto/bin/../lib/gcc/arm-none-eabi/4.5.1/../../../../arm-none-eabi/lib\libc.a(lib_a-ctype_.o)

.debug_info     0x00000000     0x7364
 .debug_info    0x00000000      0x818 Debug\Drivers\cpu\adc.o
 .debug_info    0x00000818      0x2b4 Debug\Drivers\cpu\aic.o
 .debug_info    0x00000acc      0x1d5 Debug\Drivers\cpu\pit.o
 .debug_info    0x00000ca1      0x127 Debug\Drivers\cpu\timers.o
 .debug_info    0x00000dc8      0x382 Debug\src\board_lowlevel.o
 .debug_info    0x0000114a      0xab5 Debug\src\board_memories.o
 .debug_info    0x00001bff      0x432 Debug\src\CommandUI.o
 .debug_info    0x00002031      0x1e3 Debug\src\cp15.o
 .debug_info    0x00002214       0x4c Debug\src\cp15_asm.o
 .debug_info    0x00002260      0xc5f Debug\src\dbgu.o
 .debug_info    0x00002ebf      0x15f Debug\src\DbgUart.o
 .debug_info    0x0000301e      0x74a Debug\src\main.o
 .debug_info    0x00003768      0x715 Debug\src\pio.o
 .debug_info    0x00003e7d      0x2df Debug\src\pmc.o
 .debug_info    0x0000415c      0xeb5 Debug\src\stdio.o
 .debug_info    0x00005011       0x4e Debug\src\board_cstartup.o
 .debug_info    0x0000505f       0x9a d:/ves2016/yagarto/bin/../lib/gcc/arm-none-eabi/4.5.1\libgcc.a(_udivsi3.o)
 .debug_info    0x000050f9       0x9a d:/ves2016/yagarto/bin/../lib/gcc/arm-none-eabi/4.5.1\libgcc.a(_dvmd_tls.o)
 .debug_info    0x00005193      0x98b d:/ves2016/yagarto/bin/../lib/gcc/arm-none-eabi/4.5.1/../../../../arm-none-eabi/lib\libc.a(lib_a-atoi.o)
 .debug_info    0x00005b1e      0x114 d:/ves2016/yagarto/bin/../lib/gcc/arm-none-eabi/4.5.1/../../../../arm-none-eabi/lib\libc.a(lib_a-memset.o)
 .debug_info    0x00005c32      0x15d d:/ves2016/yagarto/bin/../lib/gcc/arm-none-eabi/4.5.1/../../../../arm-none-eabi/lib\libc.a(lib_a-strcasecmp.o)
 .debug_info    0x00005d8f      0x980 d:/ves2016/yagarto/bin/../lib/gcc/arm-none-eabi/4.5.1/../../../../arm-none-eabi/lib\libc.a(lib_a-strtok.o)
 .debug_info    0x0000670f      0x15c d:/ves2016/yagarto/bin/../lib/gcc/arm-none-eabi/4.5.1/../../../../arm-none-eabi/lib\libc.a(lib_a-strtok_r.o)
 .debug_info    0x0000686b      0xa6e d:/ves2016/yagarto/bin/../lib/gcc/arm-none-eabi/4.5.1/../../../../arm-none-eabi/lib\libc.a(lib_a-strtol.o)
 .debug_info    0x000072d9       0x8b d:/ves2016/yagarto/bin/../lib/gcc/arm-none-eabi/4.5.1/../../../../arm-none-eabi/lib\libc.a(lib_a-ctype_.o)

.debug_line     0x00000000     0x173b
 .debug_line    0x00000000      0x14e Debug\Drivers\cpu\adc.o
 .debug_line    0x0000014e       0x5f Debug\Drivers\cpu\aic.o
 .debug_line    0x000001ad       0x8a Debug\Drivers\cpu\pit.o
 .debug_line    0x00000237       0xa5 Debug\Drivers\cpu\timers.o
 .debug_line    0x000002dc       0x9c Debug\src\board_lowlevel.o
 .debug_line    0x00000378      0x119 Debug\src\board_memories.o
 .debug_line    0x00000491      0x107 Debug\src\CommandUI.o
 .debug_line    0x00000598       0x79 Debug\src\cp15.o
 .debug_line    0x00000611       0x55 Debug\src\cp15_asm.o
 .debug_line    0x00000666      0x18e Debug\src\dbgu.o
 .debug_line    0x000007f4       0xa3 Debug\src\DbgUart.o
 .debug_line    0x00000897      0x12a Debug\src\main.o
 .debug_line    0x000009c1       0xdd Debug\src\pio.o
 .debug_line    0x00000a9e       0xa3 Debug\src\pmc.o
 .debug_line    0x00000b41      0x22d Debug\src\stdio.o
 .debug_line    0x00000d6e       0x90 Debug\src\board_cstartup.o
 .debug_line    0x00000dfe       0x93 d:/ves2016/yagarto/bin/../lib/gcc/arm-none-eabi/4.5.1\libgcc.a(_udivsi3.o)
 .debug_line    0x00000e91       0x6a d:/ves2016/yagarto/bin/../lib/gcc/arm-none-eabi/4.5.1\libgcc.a(_dvmd_tls.o)
 .debug_line    0x00000efb      0x16b d:/ves2016/yagarto/bin/../lib/gcc/arm-none-eabi/4.5.1/../../../../arm-none-eabi/lib\libc.a(lib_a-atoi.o)
 .debug_line    0x00001066      0x167 d:/ves2016/yagarto/bin/../lib/gcc/arm-none-eabi/4.5.1/../../../../arm-none-eabi/lib\libc.a(lib_a-memset.o)
 .debug_line    0x000011cd       0xcc d:/ves2016/yagarto/bin/../lib/gcc/arm-none-eabi/4.5.1/../../../../arm-none-eabi/lib\libc.a(lib_a-strcasecmp.o)
 .debug_line    0x00001299      0x16a d:/ves2016/yagarto/bin/../lib/gcc/arm-none-eabi/4.5.1/../../../../arm-none-eabi/lib\libc.a(lib_a-strtok.o)
 .debug_line    0x00001403       0xe9 d:/ves2016/yagarto/bin/../lib/gcc/arm-none-eabi/4.5.1/../../../../arm-none-eabi/lib\libc.a(lib_a-strtok_r.o)
 .debug_line    0x000014ec      0x1ec d:/ves2016/yagarto/bin/../lib/gcc/arm-none-eabi/4.5.1/../../../../arm-none-eabi/lib\libc.a(lib_a-strtol.o)
 .debug_line    0x000016d8       0x63 d:/ves2016/yagarto/bin/../lib/gcc/arm-none-eabi/4.5.1/../../../../arm-none-eabi/lib\libc.a(lib_a-ctype_.o)

.debug_loc      0x00000000     0x1a00
 .debug_loc     0x00000000      0x318 Debug\Drivers\cpu\adc.o
 .debug_loc     0x00000318       0x84 Debug\Drivers\cpu\aic.o
 .debug_loc     0x0000039c      0x18c Debug\Drivers\cpu\pit.o
 .debug_loc     0x00000528       0xdc Debug\Drivers\cpu\timers.o
 .debug_loc     0x00000604       0xb0 Debug\src\board_lowlevel.o
 .debug_loc     0x000006b4      0x160 Debug\src\board_memories.o
 .debug_loc     0x00000814       0xdc Debug\src\CommandUI.o
 .debug_loc     0x000008f0      0x18c Debug\src\cp15.o
 .debug_loc     0x00000a7c      0x134 Debug\src\dbgu.o
 .debug_loc     0x00000bb0       0x90 Debug\src\DbgUart.o
 .debug_loc     0x00000c40       0x58 Debug\src\main.o
 .debug_loc     0x00000c98      0x1b8 Debug\src\pio.o
 .debug_loc     0x00000e50      0x160 Debug\src\pmc.o
 .debug_loc     0x00000fb0      0x298 Debug\src\stdio.o
 .debug_loc     0x00001248       0x79 d:/ves2016/yagarto/bin/../lib/gcc/arm-none-eabi/4.5.1/../../../../arm-none-eabi/lib\libc.a(lib_a-atoi.o)
 .debug_loc     0x000012c1      0x173 d:/ves2016/yagarto/bin/../lib/gcc/arm-none-eabi/4.5.1/../../../../arm-none-eabi/lib\libc.a(lib_a-memset.o)
 .debug_loc     0x00001434       0xcc d:/ves2016/yagarto/bin/../lib/gcc/arm-none-eabi/4.5.1/../../../../arm-none-eabi/lib\libc.a(lib_a-strcasecmp.o)
 .debug_loc     0x00001500       0x46 d:/ves2016/yagarto/bin/../lib/gcc/arm-none-eabi/4.5.1/../../../../arm-none-eabi/lib\libc.a(lib_a-strtok.o)
 .debug_loc     0x00001546      0x170 d:/ves2016/yagarto/bin/../lib/gcc/arm-none-eabi/4.5.1/../../../../arm-none-eabi/lib\libc.a(lib_a-strtok_r.o)
 .debug_loc     0x000016b6      0x34a d:/ves2016/yagarto/bin/../lib/gcc/arm-none-eabi/4.5.1/../../../../arm-none-eabi/lib\libc.a(lib_a-strtol.o)

.debug_pubnames
                0x00000000      0x9cb
 .debug_pubnames
                0x00000000      0x19e Debug\Drivers\cpu\adc.o
 .debug_pubnames
                0x0000019e       0x49 Debug\Drivers\cpu\aic.o
 .debug_pubnames
                0x000001e7       0xa2 Debug\Drivers\cpu\pit.o
 .debug_pubnames
                0x00000289       0x62 Debug\Drivers\cpu\timers.o
 .debug_pubnames
                0x000002eb       0x6a Debug\src\board_lowlevel.o
 .debug_pubnames
                0x00000355       0xeb Debug\src\board_memories.o
 .debug_pubnames
                0x00000440       0x66 Debug\src\CommandUI.o
 .debug_pubnames
                0x000004a6       0xe7 Debug\src\cp15.o
 .debug_pubnames
                0x0000058d       0x7a Debug\src\dbgu.o
 .debug_pubnames
                0x00000607       0x40 Debug\src\DbgUart.o
 .debug_pubnames
                0x00000647       0x27 Debug\src\main.o
 .debug_pubnames
                0x0000066e       0x8c Debug\src\pio.o
 .debug_pubnames
                0x000006fa       0xe7 Debug\src\pmc.o
 .debug_pubnames
                0x000007e1       0xdf Debug\src\stdio.o
 .debug_pubnames
                0x000008c0       0x27 d:/ves2016/yagarto/bin/../lib/gcc/arm-none-eabi/4.5.1/../../../../arm-none-eabi/lib\libc.a(lib_a-atoi.o)
 .debug_pubnames
                0x000008e7       0x1d d:/ves2016/yagarto/bin/../lib/gcc/arm-none-eabi/4.5.1/../../../../arm-none-eabi/lib\libc.a(lib_a-memset.o)
 .debug_pubnames
                0x00000904       0x21 d:/ves2016/yagarto/bin/../lib/gcc/arm-none-eabi/4.5.1/../../../../arm-none-eabi/lib\libc.a(lib_a-strcasecmp.o)
 .debug_pubnames
                0x00000925       0x1d d:/ves2016/yagarto/bin/../lib/gcc/arm-none-eabi/4.5.1/../../../../arm-none-eabi/lib\libc.a(lib_a-strtok.o)
 .debug_pubnames
                0x00000942       0x2e d:/ves2016/yagarto/bin/../lib/gcc/arm-none-eabi/4.5.1/../../../../arm-none-eabi/lib\libc.a(lib_a-strtok_r.o)
 .debug_pubnames
                0x00000970       0x2b d:/ves2016/yagarto/bin/../lib/gcc/arm-none-eabi/4.5.1/../../../../arm-none-eabi/lib\libc.a(lib_a-strtol.o)
 .debug_pubnames
                0x0000099b       0x30 d:/ves2016/yagarto/bin/../lib/gcc/arm-none-eabi/4.5.1/../../../../arm-none-eabi/lib\libc.a(lib_a-ctype_.o)

.debug_pubtypes
                0x00000000      0x903
 .debug_pubtypes
                0x00000000       0x4d Debug\Drivers\cpu\adc.o
 .debug_pubtypes
                0x0000004d       0x30 Debug\Drivers\cpu\aic.o
 .debug_pubtypes
                0x0000007d       0x32 Debug\Drivers\cpu\pit.o
 .debug_pubtypes
                0x000000af       0x1f Debug\Drivers\cpu\timers.o
 .debug_pubtypes
                0x000000ce       0x90 Debug\src\board_lowlevel.o
 .debug_pubtypes
                0x0000015e       0xcc Debug\src\board_memories.o
 .debug_pubtypes
                0x0000022a       0x65 Debug\src\CommandUI.o
 .debug_pubtypes
                0x0000028f       0x12 Debug\src\cp15.o
 .debug_pubtypes
                0x000002a1      0x106 Debug\src\dbgu.o
 .debug_pubtypes
                0x000003a7       0x3f Debug\src\DbgUart.o
 .debug_pubtypes
                0x000003e6       0xa2 Debug\src\main.o
 .debug_pubtypes
                0x00000488       0x55 Debug\src\pio.o
 .debug_pubtypes
                0x000004dd       0x30 Debug\src\pmc.o
 .debug_pubtypes
                0x0000050d      0x11e Debug\src\stdio.o
 .debug_pubtypes
                0x0000062b       0xdd d:/ves2016/yagarto/bin/../lib/gcc/arm-none-eabi/4.5.1/../../../../arm-none-eabi/lib\libc.a(lib_a-atoi.o)
 .debug_pubtypes
                0x00000708       0x1d d:/ves2016/yagarto/bin/../lib/gcc/arm-none-eabi/4.5.1/../../../../arm-none-eabi/lib\libc.a(lib_a-memset.o)
 .debug_pubtypes
                0x00000725       0x12 d:/ves2016/yagarto/bin/../lib/gcc/arm-none-eabi/4.5.1/../../../../arm-none-eabi/lib\libc.a(lib_a-strcasecmp.o)
 .debug_pubtypes
                0x00000737       0xdd d:/ves2016/yagarto/bin/../lib/gcc/arm-none-eabi/4.5.1/../../../../arm-none-eabi/lib\libc.a(lib_a-strtok.o)
 .debug_pubtypes
                0x00000814       0x12 d:/ves2016/yagarto/bin/../lib/gcc/arm-none-eabi/4.5.1/../../../../arm-none-eabi/lib\libc.a(lib_a-strtok_r.o)
 .debug_pubtypes
                0x00000826       0xdd d:/ves2016/yagarto/bin/../lib/gcc/arm-none-eabi/4.5.1/../../../../arm-none-eabi/lib\libc.a(lib_a-strtol.o)

.debug_aranges  0x00000000      0x308
 .debug_aranges
                0x00000000       0x20 Debug\Drivers\cpu\adc.o
 .debug_aranges
                0x00000020       0x20 Debug\Drivers\cpu\aic.o
 .debug_aranges
                0x00000040       0x20 Debug\Drivers\cpu\pit.o
 .debug_aranges
                0x00000060       0x20 Debug\Drivers\cpu\timers.o
 .debug_aranges
                0x00000080       0x20 Debug\src\board_lowlevel.o
 .debug_aranges
                0x000000a0       0x20 Debug\src\board_memories.o
 .debug_aranges
                0x000000c0       0x20 Debug\src\CommandUI.o
 .debug_aranges
                0x000000e0       0x20 Debug\src\cp15.o
 .debug_aranges
                0x00000100       0x20 Debug\src\cp15_asm.o
 .debug_aranges
                0x00000120       0x20 Debug\src\dbgu.o
 .debug_aranges
                0x00000140       0x20 Debug\src\DbgUart.o
 .debug_aranges
                0x00000160       0x20 Debug\src\main.o
 .debug_aranges
                0x00000180       0x20 Debug\src\pio.o
 .debug_aranges
                0x000001a0       0x20 Debug\src\pmc.o
 .debug_aranges
                0x000001c0       0x20 Debug\src\stdio.o
 .debug_aranges
                0x000001e0       0x28 Debug\src\board_cstartup.o
 .debug_aranges
                0x00000208       0x20 d:/ves2016/yagarto/bin/../lib/gcc/arm-none-eabi/4.5.1\libgcc.a(_udivsi3.o)
 .debug_aranges
                0x00000228       0x20 d:/ves2016/yagarto/bin/../lib/gcc/arm-none-eabi/4.5.1\libgcc.a(_dvmd_tls.o)
 .debug_aranges
                0x00000248       0x20 d:/ves2016/yagarto/bin/../lib/gcc/arm-none-eabi/4.5.1/../../../../arm-none-eabi/lib\libc.a(lib_a-atoi.o)
 .debug_aranges
                0x00000268       0x20 d:/ves2016/yagarto/bin/../lib/gcc/arm-none-eabi/4.5.1/../../../../arm-none-eabi/lib\libc.a(lib_a-memset.o)
 .debug_aranges
                0x00000288       0x20 d:/ves2016/yagarto/bin/../lib/gcc/arm-none-eabi/4.5.1/../../../../arm-none-eabi/lib\libc.a(lib_a-strcasecmp.o)
 .debug_aranges
                0x000002a8       0x20 d:/ves2016/yagarto/bin/../lib/gcc/arm-none-eabi/4.5.1/../../../../arm-none-eabi/lib\libc.a(lib_a-strtok.o)
 .debug_aranges
                0x000002c8       0x20 d:/ves2016/yagarto/bin/../lib/gcc/arm-none-eabi/4.5.1/../../../../arm-none-eabi/lib\libc.a(lib_a-strtok_r.o)
 .debug_aranges
                0x000002e8       0x20 d:/ves2016/yagarto/bin/../lib/gcc/arm-none-eabi/4.5.1/../../../../arm-none-eabi/lib\libc.a(lib_a-strtol.o)

.debug_str      0x00000000     0x1933
 .debug_str     0x00000000      0x403 Debug\Drivers\cpu\adc.o
                                0x44b (size before relaxing)
 .debug_str     0x00000403       0xfc Debug\Drivers\cpu\aic.o
                                0x1bf (size before relaxing)
 .debug_str     0x000004ff       0xd3 Debug\Drivers\cpu\pit.o
                                0x17d (size before relaxing)
 .debug_str     0x000005d2       0x6a Debug\Drivers\cpu\timers.o
                                0x11b (size before relaxing)
 .debug_str     0x0000063c       0xd3 Debug\src\board_lowlevel.o
                                0x281 (size before relaxing)
 .debug_str     0x0000070f      0x5d8 Debug\src\board_memories.o
                                0x6af (size before relaxing)
 .debug_str     0x00000ce7       0x88 Debug\src\CommandUI.o
                                0x238 (size before relaxing)
 .debug_str     0x00000d6f       0xc4 Debug\src\cp15.o
                                0x16e (size before relaxing)
 .debug_str     0x00000e33      0x501 Debug\src\dbgu.o
                                0x5d6 (size before relaxing)
 .debug_str     0x00001334       0x5c Debug\src\DbgUart.o
                                0x113 (size before relaxing)
 .debug_str     0x00001390       0x64 Debug\src\main.o
                                0x3ab (size before relaxing)
 .debug_str     0x000013f4       0xce Debug\src\pio.o
                                0x385 (size before relaxing)
 .debug_str     0x000014c2       0xbf Debug\src\pmc.o
                                0x229 (size before relaxing)
 .debug_str     0x00001581       0x9f Debug\src\stdio.o
                                0x57b (size before relaxing)
 .debug_str     0x00001620       0x86 d:/ves2016/yagarto/bin/../lib/gcc/arm-none-eabi/4.5.1/../../../../arm-none-eabi/lib\libc.a(lib_a-atoi.o)
                                0x4cf (size before relaxing)
 .debug_str     0x000016a6       0x94 d:/ves2016/yagarto/bin/../lib/gcc/arm-none-eabi/4.5.1/../../../../arm-none-eabi/lib\libc.a(lib_a-memset.o)
                                0x137 (size before relaxing)
 .debug_str     0x0000173a       0x60 d:/ves2016/yagarto/bin/../lib/gcc/arm-none-eabi/4.5.1/../../../../arm-none-eabi/lib\libc.a(lib_a-strcasecmp.o)
                                0x13c (size before relaxing)
 .debug_str     0x0000179a       0x40 d:/ves2016/yagarto/bin/../lib/gcc/arm-none-eabi/4.5.1/../../../../arm-none-eabi/lib\libc.a(lib_a-strtok.o)
                                0x4dd (size before relaxing)
 .debug_str     0x000017da       0x6a d:/ves2016/yagarto/bin/../lib/gcc/arm-none-eabi/4.5.1/../../../../arm-none-eabi/lib\libc.a(lib_a-strtok_r.o)
                                0x155 (size before relaxing)
 .debug_str     0x00001844       0x69 d:/ves2016/yagarto/bin/../lib/gcc/arm-none-eabi/4.5.1/../../../../arm-none-eabi/lib\libc.a(lib_a-strtol.o)
                                0x513 (size before relaxing)
 .debug_str     0x000018ad       0x86 d:/ves2016/yagarto/bin/../lib/gcc/arm-none-eabi/4.5.1/../../../../arm-none-eabi/lib\libc.a(lib_a-ctype_.o)
                                 0xb2 (size before relaxing)

.comment        0x00000000       0x11
 .comment       0x00000000       0x11 Debug\Drivers\cpu\adc.o
                                 0x12 (size before relaxing)
 .comment       0x00000000       0x12 Debug\Drivers\cpu\aic.o
 .comment       0x00000000       0x12 Debug\Drivers\cpu\pit.o
 .comment       0x00000000       0x12 Debug\Drivers\cpu\timers.o
 .comment       0x00000000       0x12 Debug\src\board_lowlevel.o
 .comment       0x00000000       0x12 Debug\src\board_memories.o
 .comment       0x00000000       0x12 Debug\src\CommandUI.o
 .comment       0x00000000       0x12 Debug\src\cp15.o
 .comment       0x00000000       0x12 Debug\src\dbgu.o
 .comment       0x00000000       0x12 Debug\src\DbgUart.o
 .comment       0x00000000       0x12 Debug\src\main.o
 .comment       0x00000000       0x12 Debug\src\pio.o
 .comment       0x00000000       0x12 Debug\src\pmc.o
 .comment       0x00000000       0x12 Debug\src\stdio.o
 .comment       0x00000000       0x12 d:/ves2016/yagarto/bin/../lib/gcc/arm-none-eabi/4.5.1/../../../../arm-none-eabi/lib\libc.a(lib_a-atoi.o)
 .comment       0x00000000       0x12 d:/ves2016/yagarto/bin/../lib/gcc/arm-none-eabi/4.5.1/../../../../arm-none-eabi/lib\libc.a(lib_a-memset.o)
 .comment       0x00000000       0x12 d:/ves2016/yagarto/bin/../lib/gcc/arm-none-eabi/4.5.1/../../../../arm-none-eabi/lib\libc.a(lib_a-strcasecmp.o)
 .comment       0x00000000       0x12 d:/ves2016/yagarto/bin/../lib/gcc/arm-none-eabi/4.5.1/../../../../arm-none-eabi/lib\libc.a(lib_a-strtok.o)
 .comment       0x00000000       0x12 d:/ves2016/yagarto/bin/../lib/gcc/arm-none-eabi/4.5.1/../../../../arm-none-eabi/lib\libc.a(lib_a-strtok_r.o)
 .comment       0x00000000       0x12 d:/ves2016/yagarto/bin/../lib/gcc/arm-none-eabi/4.5.1/../../../../arm-none-eabi/lib\libc.a(lib_a-strtol.o)
 .comment       0x00000000       0x12 d:/ves2016/yagarto/bin/../lib/gcc/arm-none-eabi/4.5.1/../../../../arm-none-eabi/lib\libc.a(lib_a-ctype_.o)

.ARM.attributes
                0x00000000       0x2d
 .ARM.attributes
                0x00000000       0x30 Debug\Drivers\cpu\adc.o
 .ARM.attributes
                0x00000030       0x30 Debug\Drivers\cpu\aic.o
 .ARM.attributes
                0x00000060       0x30 Debug\Drivers\cpu\pit.o
 .ARM.attributes
                0x00000090       0x30 Debug\Drivers\cpu\timers.o
 .ARM.attributes
                0x000000c0       0x30 Debug\src\board_lowlevel.o
 .ARM.attributes
                0x000000f0       0x30 Debug\src\board_memories.o
 .ARM.attributes
                0x00000120       0x30 Debug\src\CommandUI.o
 .ARM.attributes
                0x00000150       0x30 Debug\src\cp15.o
 .ARM.attributes
                0x00000180       0x16 Debug\src\cp15_asm.o
 .ARM.attributes
                0x00000196       0x30 Debug\src\dbgu.o
 .ARM.attributes
                0x000001c6       0x30 Debug\src\DbgUart.o
 .ARM.attributes
                0x000001f6       0x30 Debug\src\main.o
 .ARM.attributes
                0x00000226       0x30 Debug\src\pio.o
 .ARM.attributes
                0x00000256       0x30 Debug\src\pmc.o
 .ARM.attributes
                0x00000286       0x30 Debug\src\stdio.o
 .ARM.attributes
                0x000002b6       0x14 Debug\src\board_cstartup.o
 .ARM.attributes
                0x000002ca       0x18 d:/ves2016/yagarto/bin/../lib/gcc/arm-none-eabi/4.5.1\libgcc.a(_udivsi3.o)
 .ARM.attributes
                0x000002e2       0x16 d:/ves2016/yagarto/bin/../lib/gcc/arm-none-eabi/4.5.1\libgcc.a(_dvmd_tls.o)
 .ARM.attributes
                0x000002f8       0x30 d:/ves2016/yagarto/bin/../lib/gcc/arm-none-eabi/4.5.1/../../../../arm-none-eabi/lib\libc.a(lib_a-atoi.o)
 .ARM.attributes
                0x00000328       0x30 d:/ves2016/yagarto/bin/../lib/gcc/arm-none-eabi/4.5.1/../../../../arm-none-eabi/lib\libc.a(lib_a-memset.o)
 .ARM.attributes
                0x00000358       0x30 d:/ves2016/yagarto/bin/../lib/gcc/arm-none-eabi/4.5.1/../../../../arm-none-eabi/lib\libc.a(lib_a-strcasecmp.o)
 .ARM.attributes
                0x00000388       0x30 d:/ves2016/yagarto/bin/../lib/gcc/arm-none-eabi/4.5.1/../../../../arm-none-eabi/lib\libc.a(lib_a-strtok.o)
 .ARM.attributes
                0x000003b8       0x30 d:/ves2016/yagarto/bin/../lib/gcc/arm-none-eabi/4.5.1/../../../../arm-none-eabi/lib\libc.a(lib_a-strtok_r.o)
 .ARM.attributes
                0x000003e8       0x30 d:/ves2016/yagarto/bin/../lib/gcc/arm-none-eabi/4.5.1/../../../../arm-none-eabi/lib\libc.a(lib_a-strtol.o)
 .ARM.attributes
                0x00000418       0x30 d:/ves2016/yagarto/bin/../lib/gcc/arm-none-eabi/4.5.1/../../../../arm-none-eabi/lib\libc.a(lib_a-ctype_.o)

.debug_frame    0x00000000      0xd34
 .debug_frame   0x00000000      0x1e4 Debug\Drivers\cpu\adc.o
 .debug_frame   0x000001e4       0x58 Debug\Drivers\cpu\aic.o
 .debug_frame   0x0000023c       0xe8 Debug\Drivers\cpu\pit.o
 .debug_frame   0x00000324       0x94 Debug\Drivers\cpu\timers.o
 .debug_frame   0x000003b8       0x74 Debug\src\board_lowlevel.o
 .debug_frame   0x0000042c       0xd8 Debug\src\board_memories.o
 .debug_frame   0x00000504       0x9c Debug\src\CommandUI.o
 .debug_frame   0x000005a0      0x10c Debug\src\cp15.o
 .debug_frame   0x000006ac       0xcc Debug\src\dbgu.o
 .debug_frame   0x00000778       0x70 Debug\src\DbgUart.o
 .debug_frame   0x000007e8       0x48 Debug\src\main.o
 .debug_frame   0x00000830      0x104 Debug\src\pio.o
 .debug_frame   0x00000934       0xe4 Debug\src\pmc.o
 .debug_frame   0x00000a18      0x1b4 Debug\src\stdio.o
 .debug_frame   0x00000bcc       0x20 d:/ves2016/yagarto/bin/../lib/gcc/arm-none-eabi/4.5.1\libgcc.a(_udivsi3.o)
 .debug_frame   0x00000bec       0x40 d:/ves2016/yagarto/bin/../lib/gcc/arm-none-eabi/4.5.1/../../../../arm-none-eabi/lib\libc.a(lib_a-atoi.o)
 .debug_frame   0x00000c2c       0x28 d:/ves2016/yagarto/bin/../lib/gcc/arm-none-eabi/4.5.1/../../../../arm-none-eabi/lib\libc.a(lib_a-memset.o)
 .debug_frame   0x00000c54       0x28 d:/ves2016/yagarto/bin/../lib/gcc/arm-none-eabi/4.5.1/../../../../arm-none-eabi/lib\libc.a(lib_a-strcasecmp.o)
 .debug_frame   0x00000c7c       0x28 d:/ves2016/yagarto/bin/../lib/gcc/arm-none-eabi/4.5.1/../../../../arm-none-eabi/lib\libc.a(lib_a-strtok.o)
 .debug_frame   0x00000ca4       0x3c d:/ves2016/yagarto/bin/../lib/gcc/arm-none-eabi/4.5.1/../../../../arm-none-eabi/lib\libc.a(lib_a-strtok_r.o)
 .debug_frame   0x00000ce0       0x54 d:/ves2016/yagarto/bin/../lib/gcc/arm-none-eabi/4.5.1/../../../../arm-none-eabi/lib\libc.a(lib_a-strtol.o)

.debug_ranges   0x00000000       0x50
 .debug_ranges  0x00000000       0x20 Debug\src\board_cstartup.o
 .debug_ranges  0x00000020       0x30 d:/ves2016/yagarto/bin/../lib/gcc/arm-none-eabi/4.5.1/../../../../arm-none-eabi/lib\libc.a(lib_a-strcasecmp.o)
